[0.259s] DEBUG:colcon:Command line arguments: ['/usr/bin/colcon', 'build', '--packages-select', 'veve3725_service', '--symlink-install', '--executor', 'sequential', '--cmake-args', '-DBUILD_TESTING=OFF', '-DCMAKE_BUILD_PARALLEL_LEVEL=1']
[0.259s] DEBUG:colcon:Parsed command line arguments: Namespace(log_base=None, log_level=None, verb_name='build', build_base='build', install_base='install', merge_install=False, symlink_install=True, test_result_base=None, continue_on_error=False, executor='sequential', parallel_workers=10, event_handlers=None, ignore_user_meta=False, metas=['./colcon.meta'], base_paths=['.'], packages_ignore=None, packages_ignore_regex=None, paths=None, packages_up_to=None, packages_up_to_regex=None, packages_above=None, packages_above_and_dependencies=None, packages_above_depth=None, packages_select_by_dep=None, packages_skip_by_dep=None, packages_skip_up_to=None, packages_select_build_failed=False, packages_skip_build_finished=False, packages_select_test_failures=False, packages_skip_test_passed=False, packages_select=['veve3725_service'], packages_skip=None, packages_select_regex=None, packages_skip_regex=None, packages_start=None, packages_end=None, allow_overriding=[], cmake_args=['-DBUILD_TESTING=OFF', '-DCMAKE_BUILD_PARALLEL_LEVEL=1'], cmake_target=None, cmake_target_skip_unavailable=False, cmake_clean_cache=False, cmake_clean_first=False, cmake_force_configure=False, ament_cmake_args=None, catkin_cmake_args=None, catkin_skip_building_tests=False, mixin_files=None, mixin=None, verb_parser=<colcon_mixin.mixin.mixin_argument.MixinArgumentDecorator object at 0x7a9758d22530>, verb_extension=<colcon_core.verb.build.BuildVerb object at 0x7a9758e6f670>, main=<bound method BuildVerb.main of <colcon_core.verb.build.BuildVerb object at 0x7a9758e6f670>>, mixin_verb=('build',))
[0.415s] Level 1:colcon.colcon_core.package_discovery:discover_packages(colcon_meta) check parameters
[0.416s] Level 1:colcon.colcon_core.package_discovery:discover_packages(recursive) check parameters
[0.416s] Level 1:colcon.colcon_core.package_discovery:discover_packages(ignore) check parameters
[0.416s] Level 1:colcon.colcon_core.package_discovery:discover_packages(path) check parameters
[0.416s] Level 1:colcon.colcon_core.package_discovery:discover_packages(colcon_meta) discover
[0.416s] Level 1:colcon.colcon_core.package_discovery:discover_packages(recursive) discover
[0.416s] INFO:colcon.colcon_core.package_discovery:Crawling recursively for packages in '/home/anudeep/Desktop/git/Robotics-work/hw/ros2_ws'
[0.416s] Level 1:colcon.colcon_core.package_identification:_identify(.) by extensions ['ignore', 'ignore_ament_install']
[0.416s] Level 1:colcon.colcon_core.package_identification:_identify(.) by extension 'ignore'
[0.416s] Level 1:colcon.colcon_core.package_identification:_identify(.) by extension 'ignore_ament_install'
[0.416s] Level 1:colcon.colcon_core.package_identification:_identify(.) by extensions ['colcon_pkg']
[0.416s] Level 1:colcon.colcon_core.package_identification:_identify(.) by extension 'colcon_pkg'
[0.416s] Level 1:colcon.colcon_core.package_identification:_identify(.) by extensions ['colcon_meta']
[0.416s] Level 1:colcon.colcon_core.package_identification:_identify(.) by extension 'colcon_meta'
[0.416s] Level 1:colcon.colcon_core.package_identification:_identify(.) by extensions ['ros']
[0.416s] Level 1:colcon.colcon_core.package_identification:_identify(.) by extension 'ros'
[0.435s] Level 1:colcon.colcon_core.package_identification:_identify(.) by extensions ['cmake', 'python']
[0.435s] Level 1:colcon.colcon_core.package_identification:_identify(.) by extension 'cmake'
[0.435s] Level 1:colcon.colcon_core.package_identification:_identify(.) by extension 'python'
[0.435s] Level 1:colcon.colcon_core.package_identification:_identify(.) by extensions ['python_setup_py']
[0.435s] Level 1:colcon.colcon_core.package_identification:_identify(.) by extension 'python_setup_py'
[0.435s] Level 1:colcon.colcon_core.package_identification:_identify(build) by extensions ['ignore', 'ignore_ament_install']
[0.436s] Level 1:colcon.colcon_core.package_identification:_identify(build) by extension 'ignore'
[0.436s] Level 1:colcon.colcon_core.package_identification:_identify(build) ignored
[0.436s] Level 1:colcon.colcon_core.package_identification:_identify(docs) by extensions ['ignore', 'ignore_ament_install']
[0.436s] Level 1:colcon.colcon_core.package_identification:_identify(docs) by extension 'ignore'
[0.436s] Level 1:colcon.colcon_core.package_identification:_identify(docs) by extension 'ignore_ament_install'
[0.436s] Level 1:colcon.colcon_core.package_identification:_identify(docs) by extensions ['colcon_pkg']
[0.436s] Level 1:colcon.colcon_core.package_identification:_identify(docs) by extension 'colcon_pkg'
[0.436s] Level 1:colcon.colcon_core.package_identification:_identify(docs) by extensions ['colcon_meta']
[0.436s] Level 1:colcon.colcon_core.package_identification:_identify(docs) by extension 'colcon_meta'
[0.436s] Level 1:colcon.colcon_core.package_identification:_identify(docs) by extensions ['ros']
[0.436s] Level 1:colcon.colcon_core.package_identification:_identify(docs) by extension 'ros'
[0.436s] Level 1:colcon.colcon_core.package_identification:_identify(docs) by extensions ['cmake', 'python']
[0.436s] Level 1:colcon.colcon_core.package_identification:_identify(docs) by extension 'cmake'
[0.436s] Level 1:colcon.colcon_core.package_identification:_identify(docs) by extension 'python'
[0.436s] Level 1:colcon.colcon_core.package_identification:_identify(docs) by extensions ['python_setup_py']
[0.436s] Level 1:colcon.colcon_core.package_identification:_identify(docs) by extension 'python_setup_py'
[0.436s] Level 1:colcon.colcon_core.package_identification:_identify(install) by extensions ['ignore', 'ignore_ament_install']
[0.436s] Level 1:colcon.colcon_core.package_identification:_identify(install) by extension 'ignore'
[0.436s] Level 1:colcon.colcon_core.package_identification:_identify(install) ignored
[0.436s] Level 1:colcon.colcon_core.package_identification:_identify(log) by extensions ['ignore', 'ignore_ament_install']
[0.437s] Level 1:colcon.colcon_core.package_identification:_identify(log) by extension 'ignore'
[0.437s] Level 1:colcon.colcon_core.package_identification:_identify(log) ignored
[0.437s] Level 1:colcon.colcon_core.package_identification:_identify(logs) by extensions ['ignore', 'ignore_ament_install']
[0.437s] Level 1:colcon.colcon_core.package_identification:_identify(logs) by extension 'ignore'
[0.437s] Level 1:colcon.colcon_core.package_identification:_identify(logs) by extension 'ignore_ament_install'
[0.437s] Level 1:colcon.colcon_core.package_identification:_identify(logs) by extensions ['colcon_pkg']
[0.437s] Level 1:colcon.colcon_core.package_identification:_identify(logs) by extension 'colcon_pkg'
[0.437s] Level 1:colcon.colcon_core.package_identification:_identify(logs) by extensions ['colcon_meta']
[0.437s] Level 1:colcon.colcon_core.package_identification:_identify(logs) by extension 'colcon_meta'
[0.437s] Level 1:colcon.colcon_core.package_identification:_identify(logs) by extensions ['ros']
[0.437s] Level 1:colcon.colcon_core.package_identification:_identify(logs) by extension 'ros'
[0.437s] Level 1:colcon.colcon_core.package_identification:_identify(logs) by extensions ['cmake', 'python']
[0.437s] Level 1:colcon.colcon_core.package_identification:_identify(logs) by extension 'cmake'
[0.437s] Level 1:colcon.colcon_core.package_identification:_identify(logs) by extension 'python'
[0.437s] Level 1:colcon.colcon_core.package_identification:_identify(logs) by extensions ['python_setup_py']
[0.437s] Level 1:colcon.colcon_core.package_identification:_identify(logs) by extension 'python_setup_py'
[0.437s] Level 1:colcon.colcon_core.package_identification:_identify(src) by extensions ['ignore', 'ignore_ament_install']
[0.437s] Level 1:colcon.colcon_core.package_identification:_identify(src) by extension 'ignore'
[0.437s] Level 1:colcon.colcon_core.package_identification:_identify(src) by extension 'ignore_ament_install'
[0.437s] Level 1:colcon.colcon_core.package_identification:_identify(src) by extensions ['colcon_pkg']
[0.437s] Level 1:colcon.colcon_core.package_identification:_identify(src) by extension 'colcon_pkg'
[0.437s] Level 1:colcon.colcon_core.package_identification:_identify(src) by extensions ['colcon_meta']
[0.437s] Level 1:colcon.colcon_core.package_identification:_identify(src) by extension 'colcon_meta'
[0.437s] Level 1:colcon.colcon_core.package_identification:_identify(src) by extensions ['ros']
[0.437s] Level 1:colcon.colcon_core.package_identification:_identify(src) by extension 'ros'
[0.437s] Level 1:colcon.colcon_core.package_identification:_identify(src) by extensions ['cmake', 'python']
[0.437s] Level 1:colcon.colcon_core.package_identification:_identify(src) by extension 'cmake'
[0.437s] Level 1:colcon.colcon_core.package_identification:_identify(src) by extension 'python'
[0.437s] Level 1:colcon.colcon_core.package_identification:_identify(src) by extensions ['python_setup_py']
[0.437s] Level 1:colcon.colcon_core.package_identification:_identify(src) by extension 'python_setup_py'
[0.437s] Level 1:colcon.colcon_core.package_identification:_identify(src/pubsubpackage) by extensions ['ignore', 'ignore_ament_install']
[0.438s] Level 1:colcon.colcon_core.package_identification:_identify(src/pubsubpackage) by extension 'ignore'
[0.438s] Level 1:colcon.colcon_core.package_identification:_identify(src/pubsubpackage) by extension 'ignore_ament_install'
[0.438s] Level 1:colcon.colcon_core.package_identification:_identify(src/pubsubpackage) by extensions ['colcon_pkg']
[0.438s] Level 1:colcon.colcon_core.package_identification:_identify(src/pubsubpackage) by extension 'colcon_pkg'
[0.438s] Level 1:colcon.colcon_core.package_identification:_identify(src/pubsubpackage) by extensions ['colcon_meta']
[0.438s] Level 1:colcon.colcon_core.package_identification:_identify(src/pubsubpackage) by extension 'colcon_meta'
[0.438s] Level 1:colcon.colcon_core.package_identification:_identify(src/pubsubpackage) by extensions ['ros']
[0.438s] Level 1:colcon.colcon_core.package_identification:_identify(src/pubsubpackage) by extension 'ros'
[0.440s] DEBUG:colcon.colcon_core.package_identification:Package 'src/pubsubpackage' with type 'ros.ament_python' and name 'pubsubpackage'
[0.440s] Level 1:colcon.colcon_core.package_identification:_identify(src/veve3725_hw2) by extensions ['ignore', 'ignore_ament_install']
[0.440s] Level 1:colcon.colcon_core.package_identification:_identify(src/veve3725_hw2) by extension 'ignore'
[0.440s] Level 1:colcon.colcon_core.package_identification:_identify(src/veve3725_hw2) by extension 'ignore_ament_install'
[0.441s] Level 1:colcon.colcon_core.package_identification:_identify(src/veve3725_hw2) by extensions ['colcon_pkg']
[0.441s] Level 1:colcon.colcon_core.package_identification:_identify(src/veve3725_hw2) by extension 'colcon_pkg'
[0.441s] Level 1:colcon.colcon_core.package_identification:_identify(src/veve3725_hw2) by extensions ['colcon_meta']
[0.441s] Level 1:colcon.colcon_core.package_identification:_identify(src/veve3725_hw2) by extension 'colcon_meta'
[0.441s] Level 1:colcon.colcon_core.package_identification:_identify(src/veve3725_hw2) by extensions ['ros']
[0.441s] Level 1:colcon.colcon_core.package_identification:_identify(src/veve3725_hw2) by extension 'ros'
[0.441s] DEBUG:colcon.colcon_core.package_identification:Package 'src/veve3725_hw2' with type 'ros.ament_python' and name 'veve3725_hw2'
[0.442s] Level 1:colcon.colcon_core.package_identification:_identify(src/veve3725_service) by extensions ['ignore', 'ignore_ament_install']
[0.442s] Level 1:colcon.colcon_core.package_identification:_identify(src/veve3725_service) by extension 'ignore'
[0.442s] Level 1:colcon.colcon_core.package_identification:_identify(src/veve3725_service) by extension 'ignore_ament_install'
[0.442s] Level 1:colcon.colcon_core.package_identification:_identify(src/veve3725_service) by extensions ['colcon_pkg']
[0.442s] Level 1:colcon.colcon_core.package_identification:_identify(src/veve3725_service) by extension 'colcon_pkg'
[0.442s] Level 1:colcon.colcon_core.package_identification:_identify(src/veve3725_service) by extensions ['colcon_meta']
[0.442s] Level 1:colcon.colcon_core.package_identification:_identify(src/veve3725_service) by extension 'colcon_meta'
[0.442s] Level 1:colcon.colcon_core.package_identification:_identify(src/veve3725_service) by extensions ['ros']
[0.442s] Level 1:colcon.colcon_core.package_identification:_identify(src/veve3725_service) by extension 'ros'
[0.442s] DEBUG:colcon.colcon_core.package_identification:Package 'src/veve3725_service' with type 'ros.ament_cmake' and name 'veve3725_service'
[0.442s] Level 1:colcon.colcon_core.package_discovery:discover_packages(recursive) using defaults
[0.443s] Level 1:colcon.colcon_core.package_discovery:discover_packages(ignore) discover
[0.443s] Level 1:colcon.colcon_core.package_discovery:discover_packages(ignore) using defaults
[0.443s] Level 1:colcon.colcon_core.package_discovery:discover_packages(path) discover
[0.443s] Level 1:colcon.colcon_core.package_discovery:discover_packages(path) using defaults
[0.462s] INFO:colcon.colcon_core.package_selection:Skipping not selected package 'pubsubpackage' in 'src/pubsubpackage'
[0.462s] INFO:colcon.colcon_core.package_selection:Skipping not selected package 'veve3725_hw2' in 'src/veve3725_hw2'
[0.462s] Level 1:colcon.colcon_core.package_discovery:discover_packages(prefix_path) check parameters
[0.462s] Level 1:colcon.colcon_core.package_discovery:discover_packages(prefix_path) discover
[0.464s] DEBUG:colcon.colcon_installed_package_information.package_discovery:Found 0 installed packages in /home/anudeep/Desktop/git/Robotics-work/hw/ros2_ws/install
[0.465s] DEBUG:colcon.colcon_installed_package_information.package_discovery:Found 295 installed packages in /opt/ros/humble
[0.466s] Level 1:colcon.colcon_core.package_discovery:discover_packages(prefix_path) using defaults
[0.499s] Level 5:colcon.colcon_core.verb:set package 'veve3725_service' build argument 'cmake_args' from command line to '['-DBUILD_TESTING=OFF', '-DCMAKE_BUILD_PARALLEL_LEVEL=1']'
[0.499s] Level 5:colcon.colcon_core.verb:set package 'veve3725_service' build argument 'cmake_target' from command line to 'None'
[0.499s] Level 5:colcon.colcon_core.verb:set package 'veve3725_service' build argument 'cmake_target_skip_unavailable' from command line to 'False'
[0.499s] Level 5:colcon.colcon_core.verb:set package 'veve3725_service' build argument 'cmake_clean_cache' from command line to 'False'
[0.499s] Level 5:colcon.colcon_core.verb:set package 'veve3725_service' build argument 'cmake_clean_first' from command line to 'False'
[0.499s] Level 5:colcon.colcon_core.verb:set package 'veve3725_service' build argument 'cmake_force_configure' from command line to 'False'
[0.499s] Level 5:colcon.colcon_core.verb:set package 'veve3725_service' build argument 'ament_cmake_args' from command line to 'None'
[0.499s] Level 5:colcon.colcon_core.verb:set package 'veve3725_service' build argument 'catkin_cmake_args' from command line to 'None'
[0.499s] Level 5:colcon.colcon_core.verb:set package 'veve3725_service' build argument 'catkin_skip_building_tests' from command line to 'False'
[0.499s] DEBUG:colcon.colcon_core.verb:Building package 'veve3725_service' with the following arguments: {'ament_cmake_args': None, 'build_base': '/home/anudeep/Desktop/git/Robotics-work/hw/ros2_ws/build/veve3725_service', 'catkin_cmake_args': None, 'catkin_skip_building_tests': False, 'cmake_args': ['-DBUILD_TESTING=OFF', '-DCMAKE_BUILD_PARALLEL_LEVEL=1'], 'cmake_clean_cache': False, 'cmake_clean_first': False, 'cmake_force_configure': False, 'cmake_target': None, 'cmake_target_skip_unavailable': False, 'install_base': '/home/anudeep/Desktop/git/Robotics-work/hw/ros2_ws/install/veve3725_service', 'merge_install': False, 'path': '/home/anudeep/Desktop/git/Robotics-work/hw/ros2_ws/src/veve3725_service', 'symlink_install': True, 'test_result_base': None}
[0.499s] INFO:colcon.colcon_core.executor:Executing jobs using 'sequential' executor
[0.500s] DEBUG:colcon.colcon_core.executor.sequential:run_until_complete 'veve3725_service'
[0.500s] INFO:colcon.colcon_ros.task.ament_cmake.build:Building ROS package in '/home/anudeep/Desktop/git/Robotics-work/hw/ros2_ws/src/veve3725_service' with build type 'ament_cmake'
[0.500s] INFO:colcon.colcon_cmake.task.cmake.build:Building CMake package in '/home/anudeep/Desktop/git/Robotics-work/hw/ros2_ws/src/veve3725_service'
[0.502s] INFO:colcon.colcon_core.plugin_system:Skipping extension 'colcon_core.shell.bat': Not used on non-Windows systems
[0.503s] INFO:colcon.colcon_core.shell:Skip shell extension 'powershell' for command environment: Not usable outside of PowerShell
[0.503s] DEBUG:colcon.colcon_core.shell:Skip shell extension 'dsv' for command environment
[0.512s] DEBUG:colcon.colcon_core.event_handler.log_command:Invoking command in '/home/anudeep/Desktop/git/Robotics-work/hw/ros2_ws/build/veve3725_service': CMAKE_PREFIX_PATH=/opt/ros/humble /usr/bin/cmake /home/anudeep/Desktop/git/Robotics-work/hw/ros2_ws/src/veve3725_service -DBUILD_TESTING=OFF -DCMAKE_BUILD_PARALLEL_LEVEL=1 -DAMENT_CMAKE_SYMLINK_INSTALL=1 -DCMAKE_INSTALL_PREFIX=/home/anudeep/Desktop/git/Robotics-work/hw/ros2_ws/install/veve3725_service
[11.677s] DEBUG:colcon.colcon_core.event_handler.log_command:Invoked command in '/home/anudeep/Desktop/git/Robotics-work/hw/ros2_ws/build/veve3725_service' returned '0': CMAKE_PREFIX_PATH=/opt/ros/humble /usr/bin/cmake /home/anudeep/Desktop/git/Robotics-work/hw/ros2_ws/src/veve3725_service -DBUILD_TESTING=OFF -DCMAKE_BUILD_PARALLEL_LEVEL=1 -DAMENT_CMAKE_SYMLINK_INSTALL=1 -DCMAKE_INSTALL_PREFIX=/home/anudeep/Desktop/git/Robotics-work/hw/ros2_ws/install/veve3725_service
[11.680s] DEBUG:colcon.colcon_core.event_handler.log_command:Invoking command in '/home/anudeep/Desktop/git/Robotics-work/hw/ros2_ws/build/veve3725_service': CMAKE_PREFIX_PATH=/opt/ros/humble /usr/bin/cmake --build /home/anudeep/Desktop/git/Robotics-work/hw/ros2_ws/build/veve3725_service -- -j10 -l10
[19.204s] DEBUG:colcon.colcon_core.event_handler.log_command:Invoked command in '/home/anudeep/Desktop/git/Robotics-work/hw/ros2_ws/build/veve3725_service' returned '0': CMAKE_PREFIX_PATH=/opt/ros/humble /usr/bin/cmake --build /home/anudeep/Desktop/git/Robotics-work/hw/ros2_ws/build/veve3725_service -- -j10 -l10
[19.229s] DEBUG:colcon.colcon_core.event_handler.log_command:Invoking command in '/home/anudeep/Desktop/git/Robotics-work/hw/ros2_ws/build/veve3725_service': CMAKE_PREFIX_PATH=/opt/ros/humble /usr/bin/cmake --install /home/anudeep/Desktop/git/Robotics-work/hw/ros2_ws/build/veve3725_service
[21.196s] Level 1:colcon.colcon_core.environment:create_environment_scripts_only(veve3725_service)
[21.211s] Level 1:colcon.colcon_core.environment:checking '/home/anudeep/Desktop/git/Robotics-work/hw/ros2_ws/install/veve3725_service' for CMake module files
[21.212s] DEBUG:colcon.colcon_core.event_handler.log_command:Invoked command in '/home/anudeep/Desktop/git/Robotics-work/hw/ros2_ws/build/veve3725_service' returned '0': CMAKE_PREFIX_PATH=/opt/ros/humble /usr/bin/cmake --install /home/anudeep/Desktop/git/Robotics-work/hw/ros2_ws/build/veve3725_service
[21.212s] Level 1:colcon.colcon_core.environment:checking '/home/anudeep/Desktop/git/Robotics-work/hw/ros2_ws/install/veve3725_service' for CMake config files
[21.213s] Level 1:colcon.colcon_core.shell:create_environment_hook('veve3725_service', 'cmake_prefix_path')
[21.213s] INFO:colcon.colcon_core.shell:Creating environment hook '/home/anudeep/Desktop/git/Robotics-work/hw/ros2_ws/install/veve3725_service/share/veve3725_service/hook/cmake_prefix_path.ps1'
[21.214s] INFO:colcon.colcon_core.shell:Creating environment descriptor '/home/anudeep/Desktop/git/Robotics-work/hw/ros2_ws/install/veve3725_service/share/veve3725_service/hook/cmake_prefix_path.dsv'
[21.215s] INFO:colcon.colcon_core.shell:Creating environment hook '/home/anudeep/Desktop/git/Robotics-work/hw/ros2_ws/install/veve3725_service/share/veve3725_service/hook/cmake_prefix_path.sh'
[21.215s] Level 1:colcon.colcon_core.environment:checking '/home/anudeep/Desktop/git/Robotics-work/hw/ros2_ws/install/veve3725_service/lib'
[21.216s] Level 1:colcon.colcon_core.shell:create_environment_hook('veve3725_service', 'ld_library_path_lib')
[21.218s] INFO:colcon.colcon_core.shell:Creating environment hook '/home/anudeep/Desktop/git/Robotics-work/hw/ros2_ws/install/veve3725_service/share/veve3725_service/hook/ld_library_path_lib.ps1'
[21.218s] INFO:colcon.colcon_core.shell:Creating environment descriptor '/home/anudeep/Desktop/git/Robotics-work/hw/ros2_ws/install/veve3725_service/share/veve3725_service/hook/ld_library_path_lib.dsv'
[21.218s] INFO:colcon.colcon_core.shell:Creating environment hook '/home/anudeep/Desktop/git/Robotics-work/hw/ros2_ws/install/veve3725_service/share/veve3725_service/hook/ld_library_path_lib.sh'
[21.220s] Level 1:colcon.colcon_core.environment:checking '/home/anudeep/Desktop/git/Robotics-work/hw/ros2_ws/install/veve3725_service/bin'
[21.220s] Level 1:colcon.colcon_core.environment:checking '/home/anudeep/Desktop/git/Robotics-work/hw/ros2_ws/install/veve3725_service/lib/pkgconfig/veve3725_service.pc'
[21.220s] Level 1:colcon.colcon_core.environment:checking '/home/anudeep/Desktop/git/Robotics-work/hw/ros2_ws/install/veve3725_service/lib/python3.10/site-packages'
[21.221s] Level 1:colcon.colcon_core.environment:checking '/home/anudeep/Desktop/git/Robotics-work/hw/ros2_ws/install/veve3725_service/bin'
[21.223s] INFO:colcon.colcon_core.shell:Creating package script '/home/anudeep/Desktop/git/Robotics-work/hw/ros2_ws/install/veve3725_service/share/veve3725_service/package.ps1'
[21.237s] INFO:colcon.colcon_core.shell:Creating package descriptor '/home/anudeep/Desktop/git/Robotics-work/hw/ros2_ws/install/veve3725_service/share/veve3725_service/package.dsv'
[21.237s] INFO:colcon.colcon_core.shell:Creating package script '/home/anudeep/Desktop/git/Robotics-work/hw/ros2_ws/install/veve3725_service/share/veve3725_service/package.sh'
[21.238s] INFO:colcon.colcon_core.shell:Creating package script '/home/anudeep/Desktop/git/Robotics-work/hw/ros2_ws/install/veve3725_service/share/veve3725_service/package.bash'
[21.238s] INFO:colcon.colcon_core.shell:Creating package script '/home/anudeep/Desktop/git/Robotics-work/hw/ros2_ws/install/veve3725_service/share/veve3725_service/package.zsh'
[21.239s] Level 1:colcon.colcon_core.environment:create_file_with_runtime_dependencies(/home/anudeep/Desktop/git/Robotics-work/hw/ros2_ws/install/veve3725_service/share/colcon-core/packages/veve3725_service)
[21.239s] Level 1:colcon.colcon_core.environment:create_environment_scripts_only(veve3725_service)
[21.240s] Level 1:colcon.colcon_core.environment:checking '/home/anudeep/Desktop/git/Robotics-work/hw/ros2_ws/install/veve3725_service' for CMake module files
[21.240s] Level 1:colcon.colcon_core.environment:checking '/home/anudeep/Desktop/git/Robotics-work/hw/ros2_ws/install/veve3725_service' for CMake config files
[21.241s] Level 1:colcon.colcon_core.shell:create_environment_hook('veve3725_service', 'cmake_prefix_path')
[21.241s] INFO:colcon.colcon_core.shell:Creating environment hook '/home/anudeep/Desktop/git/Robotics-work/hw/ros2_ws/install/veve3725_service/share/veve3725_service/hook/cmake_prefix_path.ps1'
[21.241s] INFO:colcon.colcon_core.shell:Creating environment descriptor '/home/anudeep/Desktop/git/Robotics-work/hw/ros2_ws/install/veve3725_service/share/veve3725_service/hook/cmake_prefix_path.dsv'
[21.242s] INFO:colcon.colcon_core.shell:Creating environment hook '/home/anudeep/Desktop/git/Robotics-work/hw/ros2_ws/install/veve3725_service/share/veve3725_service/hook/cmake_prefix_path.sh'
[21.243s] Level 1:colcon.colcon_core.environment:checking '/home/anudeep/Desktop/git/Robotics-work/hw/ros2_ws/install/veve3725_service/lib'
[21.243s] Level 1:colcon.colcon_core.shell:create_environment_hook('veve3725_service', 'ld_library_path_lib')
[21.243s] INFO:colcon.colcon_core.shell:Creating environment hook '/home/anudeep/Desktop/git/Robotics-work/hw/ros2_ws/install/veve3725_service/share/veve3725_service/hook/ld_library_path_lib.ps1'
[21.244s] INFO:colcon.colcon_core.shell:Creating environment descriptor '/home/anudeep/Desktop/git/Robotics-work/hw/ros2_ws/install/veve3725_service/share/veve3725_service/hook/ld_library_path_lib.dsv'
[21.244s] INFO:colcon.colcon_core.shell:Creating environment hook '/home/anudeep/Desktop/git/Robotics-work/hw/ros2_ws/install/veve3725_service/share/veve3725_service/hook/ld_library_path_lib.sh'
[21.245s] Level 1:colcon.colcon_core.environment:checking '/home/anudeep/Desktop/git/Robotics-work/hw/ros2_ws/install/veve3725_service/bin'
[21.245s] Level 1:colcon.colcon_core.environment:checking '/home/anudeep/Desktop/git/Robotics-work/hw/ros2_ws/install/veve3725_service/lib/pkgconfig/veve3725_service.pc'
[21.245s] Level 1:colcon.colcon_core.environment:checking '/home/anudeep/Desktop/git/Robotics-work/hw/ros2_ws/install/veve3725_service/lib/python3.10/site-packages'
[21.246s] Level 1:colcon.colcon_core.environment:checking '/home/anudeep/Desktop/git/Robotics-work/hw/ros2_ws/install/veve3725_service/bin'
[21.246s] INFO:colcon.colcon_core.shell:Creating package script '/home/anudeep/Desktop/git/Robotics-work/hw/ros2_ws/install/veve3725_service/share/veve3725_service/package.ps1'
[21.247s] INFO:colcon.colcon_core.shell:Creating package descriptor '/home/anudeep/Desktop/git/Robotics-work/hw/ros2_ws/install/veve3725_service/share/veve3725_service/package.dsv'
[21.247s] INFO:colcon.colcon_core.shell:Creating package script '/home/anudeep/Desktop/git/Robotics-work/hw/ros2_ws/install/veve3725_service/share/veve3725_service/package.sh'
[21.248s] INFO:colcon.colcon_core.shell:Creating package script '/home/anudeep/Desktop/git/Robotics-work/hw/ros2_ws/install/veve3725_service/share/veve3725_service/package.bash'
[21.249s] INFO:colcon.colcon_core.shell:Creating package script '/home/anudeep/Desktop/git/Robotics-work/hw/ros2_ws/install/veve3725_service/share/veve3725_service/package.zsh'
[21.250s] Level 1:colcon.colcon_core.environment:create_file_with_runtime_dependencies(/home/anudeep/Desktop/git/Robotics-work/hw/ros2_ws/install/veve3725_service/share/colcon-core/packages/veve3725_service)
[21.250s] DEBUG:colcon.colcon_core.executor.sequential:run_until_complete 'veve3725_service' finished with '0'
[21.251s] DEBUG:colcon.colcon_core.executor.sequential:closing loop
[21.251s] DEBUG:colcon.colcon_core.executor.sequential:loop closed
[21.251s] DEBUG:colcon.colcon_core.event_reactor:joining thread
[21.260s] INFO:colcon.colcon_core.plugin_system:Skipping extension 'colcon_notification.desktop_notification.terminal_notifier': Not used on non-Darwin systems
[21.260s] INFO:colcon.colcon_core.plugin_system:Skipping extension 'colcon_notification.desktop_notification.win32': Not used on non-Windows systems
[21.260s] INFO:colcon.colcon_notification.desktop_notification:Sending desktop notification using 'notify2'
[21.445s] DEBUG:colcon.colcon_core.event_reactor:joined thread
[21.445s] INFO:colcon.colcon_core.shell:Creating prefix script '/home/anudeep/Desktop/git/Robotics-work/hw/ros2_ws/install/local_setup.ps1'
[21.446s] INFO:colcon.colcon_core.shell:Creating prefix util module '/home/anudeep/Desktop/git/Robotics-work/hw/ros2_ws/install/_local_setup_util_ps1.py'
[21.447s] INFO:colcon.colcon_core.shell:Creating prefix chain script '/home/anudeep/Desktop/git/Robotics-work/hw/ros2_ws/install/setup.ps1'
[21.448s] INFO:colcon.colcon_core.shell:Creating prefix script '/home/anudeep/Desktop/git/Robotics-work/hw/ros2_ws/install/local_setup.sh'
[21.460s] INFO:colcon.colcon_core.shell:Creating prefix util module '/home/anudeep/Desktop/git/Robotics-work/hw/ros2_ws/install/_local_setup_util_sh.py'
[21.461s] INFO:colcon.colcon_core.shell:Creating prefix chain script '/home/anudeep/Desktop/git/Robotics-work/hw/ros2_ws/install/setup.sh'
[21.465s] INFO:colcon.colcon_core.shell:Creating prefix script '/home/anudeep/Desktop/git/Robotics-work/hw/ros2_ws/install/local_setup.bash'
[21.465s] INFO:colcon.colcon_core.shell:Creating prefix chain script '/home/anudeep/Desktop/git/Robotics-work/hw/ros2_ws/install/setup.bash'
[21.467s] INFO:colcon.colcon_core.shell:Creating prefix script '/home/anudeep/Desktop/git/Robotics-work/hw/ros2_ws/install/local_setup.zsh'
[21.468s] INFO:colcon.colcon_core.shell:Creating prefix chain script '/home/anudeep/Desktop/git/Robotics-work/hw/ros2_ws/install/setup.zsh'
