running develop
running egg_info
creating veve3725_hw2.egg-info
writing veve3725_hw2.egg-info/PKG-INFO
writing dependency_links to veve3725_hw2.egg-info/dependency_links.txt
writing entry points to veve3725_hw2.egg-info/entry_points.txt
writing requirements to veve3725_hw2.egg-info/requires.txt
writing top-level names to veve3725_hw2.egg-info/top_level.txt
writing manifest file 'veve3725_hw2.egg-info/SOURCES.txt'
reading manifest file 'veve3725_hw2.egg-info/SOURCES.txt'
writing manifest file 'veve3725_hw2.egg-info/SOURCES.txt'
running build_ext
Creating /home/anudeep/Desktop/git/Robotics-work/hw/ros2_ws/install/veve3725_hw2/lib/python3.10/site-packages/veve3725-hw2.egg-link (link to .)
Installing client_function script to /home/anudeep/Desktop/git/Robotics-work/hw/ros2_ws/install/veve3725_hw2/lib/veve3725_hw2
Installing latency_client_function script to /home/anudeep/Desktop/git/Robotics-work/hw/ros2_ws/install/veve3725_hw2/lib/veve3725_hw2
Installing server_function script to /home/anudeep/Desktop/git/Robotics-work/hw/ros2_ws/install/veve3725_hw2/lib/veve3725_hw2

Installed /home/anudeep/Desktop/git/Robotics-work/hw/ros2_ws/build/veve3725_hw2
running symlink_data
creating /home/anudeep/Desktop/git/Robotics-work/hw/ros2_ws/install/veve3725_hw2/share/ament_index
creating /home/anudeep/Desktop/git/Robotics-work/hw/ros2_ws/install/veve3725_hw2/share/ament_index/resource_index
creating /home/anudeep/Desktop/git/Robotics-work/hw/ros2_ws/install/veve3725_hw2/share/ament_index/resource_index/packages
symbolically linking /home/anudeep/Desktop/git/Robotics-work/hw/ros2_ws/build/veve3725_hw2/resource/veve3725_hw2 -> /home/anudeep/Desktop/git/Robotics-work/hw/ros2_ws/install/veve3725_hw2/share/ament_index/resource_index/packages
symbolically linking /home/anudeep/Desktop/git/Robotics-work/hw/ros2_ws/build/veve3725_hw2/package.xml -> /home/anudeep/Desktop/git/Robotics-work/hw/ros2_ws/install/veve3725_hw2/share/veve3725_hw2
