running develop
running egg_info
creating pubsubpackage.egg-info
writing pubsubpackage.egg-info/PKG-INFO
writing dependency_links to pubsubpackage.egg-info/dependency_links.txt
writing entry points to pubsubpackage.egg-info/entry_points.txt
writing requirements to pubsubpackage.egg-info/requires.txt
writing top-level names to pubsubpackage.egg-info/top_level.txt
writing manifest file 'pubsubpackage.egg-info/SOURCES.txt'
reading manifest file 'pubsubpackage.egg-info/SOURCES.txt'
writing manifest file 'pubsubpackage.egg-info/SOURCES.txt'
running build_ext
Creating /home/anudeep/Desktop/git/Robotics-work/hw/ros2_ws/install/pubsubpackage/lib/python3.10/site-packages/pubsubpackage.egg-link (link to .)
Installing publisher_member_function script to /home/anudeep/Desktop/git/Robotics-work/hw/ros2_ws/install/pubsubpackage/lib/pubsubpackage
Installing subscriber_member_function script to /home/anudeep/Desktop/git/Robotics-work/hw/ros2_ws/install/pubsubpackage/lib/pubsubpackage

Installed /home/anudeep/Desktop/git/Robotics-work/hw/ros2_ws/build/pubsubpackage
running symlink_data
creating /home/anudeep/Desktop/git/Robotics-work/hw/ros2_ws/install/pubsubpackage/share/ament_index
creating /home/anudeep/Desktop/git/Robotics-work/hw/ros2_ws/install/pubsubpackage/share/ament_index/resource_index
creating /home/anudeep/Desktop/git/Robotics-work/hw/ros2_ws/install/pubsubpackage/share/ament_index/resource_index/packages
symbolically linking /home/anudeep/Desktop/git/Robotics-work/hw/ros2_ws/build/pubsubpackage/resource/pubsubpackage -> /home/anudeep/Desktop/git/Robotics-work/hw/ros2_ws/install/pubsubpackage/share/ament_index/resource_index/packages
symbolically linking /home/anudeep/Desktop/git/Robotics-work/hw/ros2_ws/build/pubsubpackage/package.xml -> /home/anudeep/Desktop/git/Robotics-work/hw/ros2_ws/install/pubsubpackage/share/pubsubpackage
