[1.072s] Invoking command in '/home/anudeep/Desktop/git/Robotics-work/hw/ros2_ws/build/pubsubpackage': PYTHONPATH=/home/anudeep/Desktop/git/Robotics-work/hw/ros2_ws/build/pubsubpackage/prefix_override:/usr/lib/python3/dist-packages/colcon_core/task/python/colcon_distutils_commands:/home/anudeep/Desktop/git/Robotics-work/hw/ros2_ws/install/pubsubpackage/lib/python3.10/site-packages:${PYTHONPATH} /usr/bin/python3 -W ignore:setup.py install is deprecated -W ignore:easy_install command is deprecated setup.py develop --editable --build-directory /home/anudeep/Desktop/git/Robotics-work/hw/ros2_ws/build/pubsubpackage/build --no-deps symlink_data
[1.709s] running develop
[1.953s] running egg_info
[1.953s] creating pubsubpackage.egg-info
[1.953s] writing pubsubpackage.egg-info/PKG-INFO
[1.953s] writing dependency_links to pubsubpackage.egg-info/dependency_links.txt
[1.953s] writing entry points to pubsubpackage.egg-info/entry_points.txt
[1.953s] writing requirements to pubsubpackage.egg-info/requires.txt
[1.953s] writing top-level names to pubsubpackage.egg-info/top_level.txt
[1.953s] writing manifest file 'pubsubpackage.egg-info/SOURCES.txt'
[1.954s] reading manifest file 'pubsubpackage.egg-info/SOURCES.txt'
[1.954s] writing manifest file 'pubsubpackage.egg-info/SOURCES.txt'
[1.956s] running build_ext
[1.956s] Creating /home/anudeep/Desktop/git/Robotics-work/hw/ros2_ws/install/pubsubpackage/lib/python3.10/site-packages/pubsubpackage.egg-link (link to .)
[1.957s] Installing publisher_member_function script to /home/anudeep/Desktop/git/Robotics-work/hw/ros2_ws/install/pubsubpackage/lib/pubsubpackage
[1.957s] Installing subscriber_member_function script to /home/anudeep/Desktop/git/Robotics-work/hw/ros2_ws/install/pubsubpackage/lib/pubsubpackage
[1.957s] 
[1.957s] Installed /home/anudeep/Desktop/git/Robotics-work/hw/ros2_ws/build/pubsubpackage
[1.957s] running symlink_data
[1.958s] creating /home/anudeep/Desktop/git/Robotics-work/hw/ros2_ws/install/pubsubpackage/share/ament_index
[1.958s] creating /home/anudeep/Desktop/git/Robotics-work/hw/ros2_ws/install/pubsubpackage/share/ament_index/resource_index
[1.958s] creating /home/anudeep/Desktop/git/Robotics-work/hw/ros2_ws/install/pubsubpackage/share/ament_index/resource_index/packages
[1.958s] symbolically linking /home/anudeep/Desktop/git/Robotics-work/hw/ros2_ws/build/pubsubpackage/resource/pubsubpackage -> /home/anudeep/Desktop/git/Robotics-work/hw/ros2_ws/install/pubsubpackage/share/ament_index/resource_index/packages
[1.958s] symbolically linking /home/anudeep/Desktop/git/Robotics-work/hw/ros2_ws/build/pubsubpackage/package.xml -> /home/anudeep/Desktop/git/Robotics-work/hw/ros2_ws/install/pubsubpackage/share/pubsubpackage
[1.984s] Invoked command in '/home/anudeep/Desktop/git/Robotics-work/hw/ros2_ws/build/pubsubpackage' returned '0': PYTHONPATH=/home/anudeep/Desktop/git/Robotics-work/hw/ros2_ws/build/pubsubpackage/prefix_override:/usr/lib/python3/dist-packages/colcon_core/task/python/colcon_distutils_commands:/home/anudeep/Desktop/git/Robotics-work/hw/ros2_ws/install/pubsubpackage/lib/python3.10/site-packages:${PYTHONPATH} /usr/bin/python3 -W ignore:setup.py install is deprecated -W ignore:easy_install command is deprecated setup.py develop --editable --build-directory /home/anudeep/Desktop/git/Robotics-work/hw/ros2_ws/build/pubsubpackage/build --no-deps symlink_data
