-- The C compiler identification is GNU 11.4.0
-- The CXX compiler identification is GNU 11.4.0
-- Detecting C compiler ABI info
-- Detecting C compiler ABI info - done
-- Check for working C compiler: /usr/bin/cc - skipped
-- Detecting C compile features
-- Detecting C compile features - done
-- Detecting CXX compiler ABI info
-- Detecting CXX compiler ABI info - done
-- Check for working CXX compiler: /usr/bin/c++ - skipped
-- Detecting CXX compile features
-- Detecting CXX compile features - done
-- Found ament_cmake: 1.3.12 (/opt/ros/humble/share/ament_cmake/cmake)
-- Found Python3: /usr/bin/python3 (found version "3.10.12") found components: Interpreter 
-- Override CMake install command with custom implementation using symlinks instead of copying resources
-- Found std_msgs: 4.9.0 (/opt/ros/humble/share/std_msgs/cmake)
-- Found rosidl_generator_c: 3.1.7 (/opt/ros/humble/share/rosidl_generator_c/cmake)
-- Found rosidl_adapter: 3.1.7 (/opt/ros/humble/share/rosidl_adapter/cmake)
-- Found rosidl_generator_cpp: 3.1.7 (/opt/ros/humble/share/rosidl_generator_cpp/cmake)
-- Using all available rosidl_typesupport_c: rosidl_typesupport_fastrtps_c;rosidl_typesupport_introspection_c
-- Using all available rosidl_typesupport_cpp: rosidl_typesupport_fastrtps_cpp;rosidl_typesupport_introspection_cpp
-- Found rosidl_default_generators: 1.2.0 (/opt/ros/humble/share/rosidl_default_generators/cmake)
-- Found ament_cmake_ros: 0.10.0 (/opt/ros/humble/share/ament_cmake_ros/cmake)
-- Using all available rosidl_typesupport_c: rosidl_typesupport_fastrtps_c;rosidl_typesupport_introspection_c
-- Using all available rosidl_typesupport_cpp: rosidl_typesupport_fastrtps_cpp;rosidl_typesupport_introspection_cpp
-- Found PythonInterp: /usr/bin/python3 (found suitable version "3.10.12", minimum required is "3.6") 
-- Found python_cmake_module: 0.10.0 (/opt/ros/humble/share/python_cmake_module/cmake)
-- Found PythonLibs: /usr/lib/x86_64-linux-gnu/libpython3.10.so (found suitable version "3.10.12", minimum required is "3.5") 
-- Using PYTHON_EXECUTABLE: /usr/bin/python3
-- Using PYTHON_INCLUDE_DIRS: /usr/include/python3.10
-- Using PYTHON_LIBRARIES: /usr/lib/x86_64-linux-gnu/libpython3.10.so
-- Found PythonExtra: .so  
-- Configuring done
-- Generating done
[33mCMake Warning:
  Manually-specified variables were not used by the project:

    CMAKE_BUILD_PARALLEL_LEVEL

[0m
-- Build files have been written to: /home/anudeep/Desktop/git/Robotics-work/hw/ros2_ws/build/veve3725_service
[  3%] [34m[1mGenerating C code for ROS interfaces[0m
[  6%] [34m[1mGenerating C++ code for ROS interfaces[0m
[  6%] Built target ament_cmake_python_symlink_veve3725_service
[  9%] [32mBuilding C object CMakeFiles/veve3725_service__rosidl_generator_c.dir/rosidl_generator_c/veve3725_service/srv/detail/veve3725_service__functions.c.o[0m
[  9%] Built target veve3725_service__cpp
[ 12%] [34m[1mGenerating C++ type support dispatch for ROS interfaces[0m
running egg_info
[ 16%] [34m[1mGenerating C++ type support for eProsima Fast-RTPS[0m
creating veve3725_service.egg-info
writing veve3725_service.egg-info/PKG-INFO
writing dependency_links to veve3725_service.egg-info/dependency_links.txt
writing top-level names to veve3725_service.egg-info/top_level.txt
writing manifest file 'veve3725_service.egg-info/SOURCES.txt'
reading manifest file 'veve3725_service.egg-info/SOURCES.txt'
writing manifest file 'veve3725_service.egg-info/SOURCES.txt'
[ 19%] [34m[1mGenerating C++ introspection for ROS interfaces[0m
[ 19%] Built target ament_cmake_python_build_veve3725_service_egg
[ 22%] [32mBuilding CXX object CMakeFiles/veve3725_service__rosidl_typesupport_cpp.dir/rosidl_typesupport_cpp/veve3725_service/srv/veve3725_service__type_support.cpp.o[0m
[ 25%] [32m[1mLinking C shared library libveve3725_service__rosidl_generator_c.so[0m
[ 29%] [32mBuilding CXX object CMakeFiles/veve3725_service__rosidl_typesupport_introspection_cpp.dir/rosidl_typesupport_introspection_cpp/veve3725_service/srv/detail/veve3725_service__type_support.cpp.o[0m
[ 29%] Built target veve3725_service__rosidl_generator_c
[ 32%] [34m[1mGenerating C introspection for ROS interfaces[0m
[ 35%] [32mBuilding CXX object CMakeFiles/veve3725_service__rosidl_typesupport_fastrtps_cpp.dir/rosidl_typesupport_fastrtps_cpp/veve3725_service/srv/detail/dds_fastrtps/veve3725_service__type_support.cpp.o[0m
[ 38%] [34m[1mGenerating C type support for eProsima Fast-RTPS[0m
[ 41%] [34m[1mGenerating C type support dispatch for ROS interfaces[0m
[ 45%] [32mBuilding CXX object CMakeFiles/veve3725_service__rosidl_typesupport_fastrtps_c.dir/rosidl_typesupport_fastrtps_c/veve3725_service/srv/detail/veve3725_service__type_support_c.cpp.o[0m
[ 48%] [32mBuilding CXX object CMakeFiles/veve3725_service__rosidl_typesupport_c.dir/rosidl_typesupport_c/veve3725_service/srv/veve3725_service__type_support.cpp.o[0m
[ 51%] [32mBuilding C object CMakeFiles/veve3725_service__rosidl_typesupport_introspection_c.dir/rosidl_typesupport_introspection_c/veve3725_service/srv/detail/veve3725_service__type_support.c.o[0m
[ 54%] [32m[1mLinking CXX shared library libveve3725_service__rosidl_typesupport_cpp.so[0m
[ 58%] [32m[1mLinking C shared library libveve3725_service__rosidl_typesupport_introspection_c.so[0m
[ 61%] [32m[1mLinking CXX shared library libveve3725_service__rosidl_typesupport_c.so[0m
[ 61%] Built target veve3725_service__rosidl_typesupport_introspection_c
[ 61%] Built target veve3725_service__rosidl_typesupport_c
[ 61%] Built target veve3725_service__rosidl_typesupport_cpp
[ 64%] [32m[1mLinking CXX shared library libveve3725_service__rosidl_typesupport_introspection_cpp.so[0m
[ 67%] [32m[1mLinking CXX shared library libveve3725_service__rosidl_typesupport_fastrtps_cpp.so[0m
[ 70%] [32m[1mLinking CXX shared library libveve3725_service__rosidl_typesupport_fastrtps_c.so[0m
[ 70%] Built target veve3725_service__rosidl_typesupport_introspection_cpp
[ 70%] Built target veve3725_service__rosidl_typesupport_fastrtps_cpp
[ 70%] Built target veve3725_service__rosidl_typesupport_fastrtps_c
[ 70%] Built target veve3725_service
[ 74%] [34m[1mGenerating Python code for ROS interfaces[0m
[ 74%] Built target veve3725_service__py
[ 77%] [32mBuilding C object CMakeFiles/veve3725_service__rosidl_generator_py.dir/rosidl_generator_py/veve3725_service/srv/_veve3725_service_s.c.o[0m
[ 80%] [32m[1mLinking C shared library rosidl_generator_py/veve3725_service/libveve3725_service__rosidl_generator_py.so[0m
[ 80%] Built target veve3725_service__rosidl_generator_py
[ 83%] [32mBuilding C object CMakeFiles/veve3725_service__rosidl_typesupport_introspection_c__pyext.dir/rosidl_generator_py/veve3725_service/_veve3725_service_s.ep.rosidl_typesupport_introspection_c.c.o[0m
[ 87%] [32mBuilding C object CMakeFiles/veve3725_service__rosidl_typesupport_fastrtps_c__pyext.dir/rosidl_generator_py/veve3725_service/_veve3725_service_s.ep.rosidl_typesupport_fastrtps_c.c.o[0m
[ 90%] [32mBuilding C object CMakeFiles/veve3725_service__rosidl_typesupport_c__pyext.dir/rosidl_generator_py/veve3725_service/_veve3725_service_s.ep.rosidl_typesupport_c.c.o[0m
[ 93%] [32m[1mLinking C shared library rosidl_generator_py/veve3725_service/veve3725_service_s__rosidl_typesupport_c.cpython-310-x86_64-linux-gnu.so[0m
[ 96%] [32m[1mLinking C shared library rosidl_generator_py/veve3725_service/veve3725_service_s__rosidl_typesupport_fastrtps_c.cpython-310-x86_64-linux-gnu.so[0m
[100%] [32m[1mLinking C shared library rosidl_generator_py/veve3725_service/veve3725_service_s__rosidl_typesupport_introspection_c.cpython-310-x86_64-linux-gnu.so[0m
[100%] Built target veve3725_service__rosidl_typesupport_c__pyext
[100%] Built target veve3725_service__rosidl_typesupport_introspection_c__pyext
[100%] Built target veve3725_service__rosidl_typesupport_fastrtps_c__pyext
-- Install configuration: ""
-- Execute custom install script
-- Symlinking: /home/anudeep/Desktop/git/Robotics-work/hw/ros2_ws/install/veve3725_service/share/ament_index/resource_index/rosidl_interfaces/veve3725_service
-- Symlinking: /home/anudeep/Desktop/git/Robotics-work/hw/ros2_ws/install/veve3725_service/include/veve3725_service/veve3725_service/msg/rosidl_generator_c__visibility_control.h
-- Symlinking: /home/anudeep/Desktop/git/Robotics-work/hw/ros2_ws/install/veve3725_service/include/veve3725_service/veve3725_service/srv/detail/veve3725_service__functions.h
-- Symlinking: /home/anudeep/Desktop/git/Robotics-work/hw/ros2_ws/install/veve3725_service/include/veve3725_service/veve3725_service/srv/detail/veve3725_service__struct.h
-- Symlinking: /home/anudeep/Desktop/git/Robotics-work/hw/ros2_ws/install/veve3725_service/include/veve3725_service/veve3725_service/srv/detail/veve3725_service__type_support.h
-- Symlinking: /home/anudeep/Desktop/git/Robotics-work/hw/ros2_ws/install/veve3725_service/include/veve3725_service/veve3725_service/srv/veve3725_service.h
-- Symlinking: /home/anudeep/Desktop/git/Robotics-work/hw/ros2_ws/install/veve3725_service/share/veve3725_service/environment/library_path.sh
-- Symlinking: /home/anudeep/Desktop/git/Robotics-work/hw/ros2_ws/install/veve3725_service/share/veve3725_service/environment/library_path.dsv
-- Symlinking: /home/anudeep/Desktop/git/Robotics-work/hw/ros2_ws/install/veve3725_service/include/veve3725_service/veve3725_service/msg/rosidl_typesupport_fastrtps_c__visibility_control.h
-- Symlinking: /home/anudeep/Desktop/git/Robotics-work/hw/ros2_ws/install/veve3725_service/include/veve3725_service/veve3725_service/srv/detail/veve3725_service__rosidl_typesupport_fastrtps_c.h
-- Symlinking: /home/anudeep/Desktop/git/Robotics-work/hw/ros2_ws/install/veve3725_service/include/veve3725_service/veve3725_service/msg/rosidl_generator_cpp__visibility_control.hpp
-- Symlinking: /home/anudeep/Desktop/git/Robotics-work/hw/ros2_ws/install/veve3725_service/include/veve3725_service/veve3725_service/srv/detail/veve3725_service__builder.hpp
-- Symlinking: /home/anudeep/Desktop/git/Robotics-work/hw/ros2_ws/install/veve3725_service/include/veve3725_service/veve3725_service/srv/detail/veve3725_service__struct.hpp
-- Symlinking: /home/anudeep/Desktop/git/Robotics-work/hw/ros2_ws/install/veve3725_service/include/veve3725_service/veve3725_service/srv/detail/veve3725_service__traits.hpp
-- Symlinking: /home/anudeep/Desktop/git/Robotics-work/hw/ros2_ws/install/veve3725_service/include/veve3725_service/veve3725_service/srv/detail/veve3725_service__type_support.hpp
-- Symlinking: /home/anudeep/Desktop/git/Robotics-work/hw/ros2_ws/install/veve3725_service/include/veve3725_service/veve3725_service/srv/veve3725_service.hpp
-- Symlinking: /home/anudeep/Desktop/git/Robotics-work/hw/ros2_ws/install/veve3725_service/include/veve3725_service/veve3725_service/msg/rosidl_typesupport_fastrtps_cpp__visibility_control.h
-- Symlinking: /home/anudeep/Desktop/git/Robotics-work/hw/ros2_ws/install/veve3725_service/include/veve3725_service/veve3725_service/srv/detail/veve3725_service__rosidl_typesupport_fastrtps_cpp.hpp
-- Symlinking: /home/anudeep/Desktop/git/Robotics-work/hw/ros2_ws/install/veve3725_service/include/veve3725_service/veve3725_service/msg/rosidl_typesupport_introspection_c__visibility_control.h
-- Symlinking: /home/anudeep/Desktop/git/Robotics-work/hw/ros2_ws/install/veve3725_service/include/veve3725_service/veve3725_service/srv/detail/veve3725_service__rosidl_typesupport_introspection_c.h
-- Symlinking: /home/anudeep/Desktop/git/Robotics-work/hw/ros2_ws/install/veve3725_service/include/veve3725_service/veve3725_service/srv/detail/veve3725_service__rosidl_typesupport_introspection_cpp.hpp
-- Symlinking: /home/anudeep/Desktop/git/Robotics-work/hw/ros2_ws/install/veve3725_service/share/veve3725_service/environment/pythonpath.sh
-- Symlinking: /home/anudeep/Desktop/git/Robotics-work/hw/ros2_ws/install/veve3725_service/share/veve3725_service/environment/pythonpath.dsv
-- Symlinking: /home/anudeep/Desktop/git/Robotics-work/hw/ros2_ws/install/veve3725_service/local/lib/python3.10/dist-packages/veve3725_service-0.0.1-py3.10.egg-info/PKG-INFO
-- Symlinking: /home/anudeep/Desktop/git/Robotics-work/hw/ros2_ws/install/veve3725_service/local/lib/python3.10/dist-packages/veve3725_service-0.0.1-py3.10.egg-info/SOURCES.txt
-- Symlinking: /home/anudeep/Desktop/git/Robotics-work/hw/ros2_ws/install/veve3725_service/local/lib/python3.10/dist-packages/veve3725_service-0.0.1-py3.10.egg-info/dependency_links.txt
-- Symlinking: /home/anudeep/Desktop/git/Robotics-work/hw/ros2_ws/install/veve3725_service/local/lib/python3.10/dist-packages/veve3725_service-0.0.1-py3.10.egg-info/top_level.txt
-- Symlinking: /home/anudeep/Desktop/git/Robotics-work/hw/ros2_ws/install/veve3725_service/local/lib/python3.10/dist-packages/veve3725_service/__init__.py
-- Symlinking: /home/anudeep/Desktop/git/Robotics-work/hw/ros2_ws/install/veve3725_service/local/lib/python3.10/dist-packages/veve3725_service/_veve3725_service_s.ep.rosidl_typesupport_c.c
-- Symlinking: /home/anudeep/Desktop/git/Robotics-work/hw/ros2_ws/install/veve3725_service/local/lib/python3.10/dist-packages/veve3725_service/_veve3725_service_s.ep.rosidl_typesupport_fastrtps_c.c
-- Symlinking: /home/anudeep/Desktop/git/Robotics-work/hw/ros2_ws/install/veve3725_service/local/lib/python3.10/dist-packages/veve3725_service/_veve3725_service_s.ep.rosidl_typesupport_introspection_c.c
-- Symlinking: /home/anudeep/Desktop/git/Robotics-work/hw/ros2_ws/install/veve3725_service/local/lib/python3.10/dist-packages/veve3725_service/libveve3725_service__rosidl_generator_py.so
-- Symlinking: /home/anudeep/Desktop/git/Robotics-work/hw/ros2_ws/install/veve3725_service/local/lib/python3.10/dist-packages/veve3725_service/srv/__init__.py
-- Symlinking: /home/anudeep/Desktop/git/Robotics-work/hw/ros2_ws/install/veve3725_service/local/lib/python3.10/dist-packages/veve3725_service/srv/_veve3725_service.py
-- Symlinking: /home/anudeep/Desktop/git/Robotics-work/hw/ros2_ws/install/veve3725_service/local/lib/python3.10/dist-packages/veve3725_service/srv/_veve3725_service_s.c
-- Symlinking: /home/anudeep/Desktop/git/Robotics-work/hw/ros2_ws/install/veve3725_service/local/lib/python3.10/dist-packages/veve3725_service/veve3725_service_s__rosidl_typesupport_c.cpython-310-x86_64-linux-gnu.so
-- Symlinking: /home/anudeep/Desktop/git/Robotics-work/hw/ros2_ws/install/veve3725_service/local/lib/python3.10/dist-packages/veve3725_service/veve3725_service_s__rosidl_typesupport_fastrtps_c.cpython-310-x86_64-linux-gnu.so
-- Symlinking: /home/anudeep/Desktop/git/Robotics-work/hw/ros2_ws/install/veve3725_service/local/lib/python3.10/dist-packages/veve3725_service/veve3725_service_s__rosidl_typesupport_introspection_c.cpython-310-x86_64-linux-gnu.so
-- Up-to-date symlink: /home/anudeep/Desktop/git/Robotics-work/hw/ros2_ws/install/veve3725_service/local/lib/python3.10/dist-packages/veve3725_service/veve3725_service_s__rosidl_typesupport_fastrtps_c.cpython-310-x86_64-linux-gnu.so
-- Up-to-date symlink: /home/anudeep/Desktop/git/Robotics-work/hw/ros2_ws/install/veve3725_service/local/lib/python3.10/dist-packages/veve3725_service/veve3725_service_s__rosidl_typesupport_introspection_c.cpython-310-x86_64-linux-gnu.so
-- Up-to-date symlink: /home/anudeep/Desktop/git/Robotics-work/hw/ros2_ws/install/veve3725_service/local/lib/python3.10/dist-packages/veve3725_service/veve3725_service_s__rosidl_typesupport_c.cpython-310-x86_64-linux-gnu.so
-- Symlinking: /home/anudeep/Desktop/git/Robotics-work/hw/ros2_ws/install/veve3725_service/share/veve3725_service/srv/Veve3725Service.idl
-- Symlinking: /home/anudeep/Desktop/git/Robotics-work/hw/ros2_ws/install/veve3725_service/share/veve3725_service/srv/Veve3725Service.srv
-- Symlinking: /home/anudeep/Desktop/git/Robotics-work/hw/ros2_ws/install/veve3725_service/share/veve3725_service/srv/Veve3725Service_Request.msg
-- Symlinking: /home/anudeep/Desktop/git/Robotics-work/hw/ros2_ws/install/veve3725_service/share/veve3725_service/srv/Veve3725Service_Response.msg
-- Symlinking: /home/anudeep/Desktop/git/Robotics-work/hw/ros2_ws/install/veve3725_service/share/ament_index/resource_index/package_run_dependencies/veve3725_service
-- Symlinking: /home/anudeep/Desktop/git/Robotics-work/hw/ros2_ws/install/veve3725_service/share/ament_index/resource_index/parent_prefix_path/veve3725_service
-- Symlinking: /home/anudeep/Desktop/git/Robotics-work/hw/ros2_ws/install/veve3725_service/share/veve3725_service/environment/ament_prefix_path.sh
-- Symlinking: /home/anudeep/Desktop/git/Robotics-work/hw/ros2_ws/install/veve3725_service/share/veve3725_service/environment/ament_prefix_path.dsv
-- Symlinking: /home/anudeep/Desktop/git/Robotics-work/hw/ros2_ws/install/veve3725_service/share/veve3725_service/environment/path.sh
-- Symlinking: /home/anudeep/Desktop/git/Robotics-work/hw/ros2_ws/install/veve3725_service/share/veve3725_service/environment/path.dsv
-- Symlinking: /home/anudeep/Desktop/git/Robotics-work/hw/ros2_ws/install/veve3725_service/share/veve3725_service/local_setup.bash
-- Symlinking: /home/anudeep/Desktop/git/Robotics-work/hw/ros2_ws/install/veve3725_service/share/veve3725_service/local_setup.sh
-- Symlinking: /home/anudeep/Desktop/git/Robotics-work/hw/ros2_ws/install/veve3725_service/share/veve3725_service/local_setup.zsh
-- Symlinking: /home/anudeep/Desktop/git/Robotics-work/hw/ros2_ws/install/veve3725_service/share/veve3725_service/local_setup.dsv
-- Symlinking: /home/anudeep/Desktop/git/Robotics-work/hw/ros2_ws/install/veve3725_service/share/veve3725_service/package.dsv
-- Symlinking: /home/anudeep/Desktop/git/Robotics-work/hw/ros2_ws/install/veve3725_service/share/ament_index/resource_index/packages/veve3725_service
-- Symlinking: /home/anudeep/Desktop/git/Robotics-work/hw/ros2_ws/install/veve3725_service/share/veve3725_service/cmake/rosidl_cmake-extras.cmake
-- Symlinking: /home/anudeep/Desktop/git/Robotics-work/hw/ros2_ws/install/veve3725_service/share/veve3725_service/cmake/ament_cmake_export_dependencies-extras.cmake
-- Symlinking: /home/anudeep/Desktop/git/Robotics-work/hw/ros2_ws/install/veve3725_service/share/veve3725_service/cmake/ament_cmake_export_include_directories-extras.cmake
-- Symlinking: /home/anudeep/Desktop/git/Robotics-work/hw/ros2_ws/install/veve3725_service/share/veve3725_service/cmake/ament_cmake_export_libraries-extras.cmake
-- Symlinking: /home/anudeep/Desktop/git/Robotics-work/hw/ros2_ws/install/veve3725_service/share/veve3725_service/cmake/ament_cmake_export_targets-extras.cmake
-- Symlinking: /home/anudeep/Desktop/git/Robotics-work/hw/ros2_ws/install/veve3725_service/share/veve3725_service/cmake/rosidl_cmake_export_typesupport_targets-extras.cmake
-- Symlinking: /home/anudeep/Desktop/git/Robotics-work/hw/ros2_ws/install/veve3725_service/share/veve3725_service/cmake/rosidl_cmake_export_typesupport_libraries-extras.cmake
-- Symlinking: /home/anudeep/Desktop/git/Robotics-work/hw/ros2_ws/install/veve3725_service/share/veve3725_service/cmake/veve3725_serviceConfig.cmake
-- Symlinking: /home/anudeep/Desktop/git/Robotics-work/hw/ros2_ws/install/veve3725_service/share/veve3725_service/cmake/veve3725_serviceConfig-version.cmake
-- Symlinking: /home/anudeep/Desktop/git/Robotics-work/hw/ros2_ws/install/veve3725_service/share/veve3725_service/package.xml
-- Installing: /home/anudeep/Desktop/git/Robotics-work/hw/ros2_ws/install/veve3725_service/lib/libveve3725_service__rosidl_generator_c.so
-- Set runtime path of "/home/anudeep/Desktop/git/Robotics-work/hw/ros2_ws/install/veve3725_service/lib/libveve3725_service__rosidl_generator_c.so" to ""
-- Installing: /home/anudeep/Desktop/git/Robotics-work/hw/ros2_ws/install/veve3725_service/lib/libveve3725_service__rosidl_typesupport_fastrtps_c.so
-- Set runtime path of "/home/anudeep/Desktop/git/Robotics-work/hw/ros2_ws/install/veve3725_service/lib/libveve3725_service__rosidl_typesupport_fastrtps_c.so" to ""
-- Installing: /home/anudeep/Desktop/git/Robotics-work/hw/ros2_ws/install/veve3725_service/lib/libveve3725_service__rosidl_typesupport_fastrtps_cpp.so
-- Set runtime path of "/home/anudeep/Desktop/git/Robotics-work/hw/ros2_ws/install/veve3725_service/lib/libveve3725_service__rosidl_typesupport_fastrtps_cpp.so" to ""
-- Installing: /home/anudeep/Desktop/git/Robotics-work/hw/ros2_ws/install/veve3725_service/lib/libveve3725_service__rosidl_typesupport_introspection_c.so
-- Set runtime path of "/home/anudeep/Desktop/git/Robotics-work/hw/ros2_ws/install/veve3725_service/lib/libveve3725_service__rosidl_typesupport_introspection_c.so" to ""
-- Installing: /home/anudeep/Desktop/git/Robotics-work/hw/ros2_ws/install/veve3725_service/lib/libveve3725_service__rosidl_typesupport_c.so
-- Set runtime path of "/home/anudeep/Desktop/git/Robotics-work/hw/ros2_ws/install/veve3725_service/lib/libveve3725_service__rosidl_typesupport_c.so" to ""
-- Installing: /home/anudeep/Desktop/git/Robotics-work/hw/ros2_ws/install/veve3725_service/lib/libveve3725_service__rosidl_typesupport_introspection_cpp.so
-- Set runtime path of "/home/anudeep/Desktop/git/Robotics-work/hw/ros2_ws/install/veve3725_service/lib/libveve3725_service__rosidl_typesupport_introspection_cpp.so" to ""
-- Installing: /home/anudeep/Desktop/git/Robotics-work/hw/ros2_ws/install/veve3725_service/lib/libveve3725_service__rosidl_typesupport_cpp.so
-- Set runtime path of "/home/anudeep/Desktop/git/Robotics-work/hw/ros2_ws/install/veve3725_service/lib/libveve3725_service__rosidl_typesupport_cpp.so" to ""
Listing '/home/anudeep/Desktop/git/Robotics-work/hw/ros2_ws/install/veve3725_service/local/lib/python3.10/dist-packages/veve3725_service'...
Compiling '/home/anudeep/Desktop/git/Robotics-work/hw/ros2_ws/install/veve3725_service/local/lib/python3.10/dist-packages/veve3725_service/__init__.py'...
Listing '/home/anudeep/Desktop/git/Robotics-work/hw/ros2_ws/install/veve3725_service/local/lib/python3.10/dist-packages/veve3725_service/srv'...
Compiling '/home/anudeep/Desktop/git/Robotics-work/hw/ros2_ws/install/veve3725_service/local/lib/python3.10/dist-packages/veve3725_service/srv/__init__.py'...
Compiling '/home/anudeep/Desktop/git/Robotics-work/hw/ros2_ws/install/veve3725_service/local/lib/python3.10/dist-packages/veve3725_service/srv/_veve3725_service.py'...
-- Installing: /home/anudeep/Desktop/git/Robotics-work/hw/ros2_ws/install/veve3725_service/lib/libveve3725_service__rosidl_generator_py.so
-- Set runtime path of "/home/anudeep/Desktop/git/Robotics-work/hw/ros2_ws/install/veve3725_service/lib/libveve3725_service__rosidl_generator_py.so" to ""
-- Installing: /home/anudeep/Desktop/git/Robotics-work/hw/ros2_ws/install/veve3725_service/share/veve3725_service/cmake/export_veve3725_service__rosidl_generator_cExport.cmake
-- Installing: /home/anudeep/Desktop/git/Robotics-work/hw/ros2_ws/install/veve3725_service/share/veve3725_service/cmake/export_veve3725_service__rosidl_generator_cExport-noconfig.cmake
-- Installing: /home/anudeep/Desktop/git/Robotics-work/hw/ros2_ws/install/veve3725_service/share/veve3725_service/cmake/export_veve3725_service__rosidl_typesupport_fastrtps_cExport.cmake
-- Installing: /home/anudeep/Desktop/git/Robotics-work/hw/ros2_ws/install/veve3725_service/share/veve3725_service/cmake/export_veve3725_service__rosidl_typesupport_fastrtps_cExport-noconfig.cmake
-- Installing: /home/anudeep/Desktop/git/Robotics-work/hw/ros2_ws/install/veve3725_service/share/veve3725_service/cmake/export_veve3725_service__rosidl_generator_cppExport.cmake
-- Installing: /home/anudeep/Desktop/git/Robotics-work/hw/ros2_ws/install/veve3725_service/share/veve3725_service/cmake/export_veve3725_service__rosidl_typesupport_fastrtps_cppExport.cmake
-- Installing: /home/anudeep/Desktop/git/Robotics-work/hw/ros2_ws/install/veve3725_service/share/veve3725_service/cmake/export_veve3725_service__rosidl_typesupport_fastrtps_cppExport-noconfig.cmake
-- Installing: /home/anudeep/Desktop/git/Robotics-work/hw/ros2_ws/install/veve3725_service/share/veve3725_service/cmake/veve3725_service__rosidl_typesupport_introspection_cExport.cmake
-- Installing: /home/anudeep/Desktop/git/Robotics-work/hw/ros2_ws/install/veve3725_service/share/veve3725_service/cmake/veve3725_service__rosidl_typesupport_introspection_cExport-noconfig.cmake
-- Installing: /home/anudeep/Desktop/git/Robotics-work/hw/ros2_ws/install/veve3725_service/share/veve3725_service/cmake/veve3725_service__rosidl_typesupport_cExport.cmake
-- Installing: /home/anudeep/Desktop/git/Robotics-work/hw/ros2_ws/install/veve3725_service/share/veve3725_service/cmake/veve3725_service__rosidl_typesupport_cExport-noconfig.cmake
-- Installing: /home/anudeep/Desktop/git/Robotics-work/hw/ros2_ws/install/veve3725_service/share/veve3725_service/cmake/veve3725_service__rosidl_typesupport_introspection_cppExport.cmake
-- Installing: /home/anudeep/Desktop/git/Robotics-work/hw/ros2_ws/install/veve3725_service/share/veve3725_service/cmake/veve3725_service__rosidl_typesupport_introspection_cppExport-noconfig.cmake
-- Installing: /home/anudeep/Desktop/git/Robotics-work/hw/ros2_ws/install/veve3725_service/share/veve3725_service/cmake/veve3725_service__rosidl_typesupport_cppExport.cmake
-- Installing: /home/anudeep/Desktop/git/Robotics-work/hw/ros2_ws/install/veve3725_service/share/veve3725_service/cmake/veve3725_service__rosidl_typesupport_cppExport-noconfig.cmake
-- Installing: /home/anudeep/Desktop/git/Robotics-work/hw/ros2_ws/install/veve3725_service/share/veve3725_service/cmake/export_veve3725_service__rosidl_generator_pyExport.cmake
-- Installing: /home/anudeep/Desktop/git/Robotics-work/hw/ros2_ws/install/veve3725_service/share/veve3725_service/cmake/export_veve3725_service__rosidl_generator_pyExport-noconfig.cmake
