[0.011s] Invoking command in '/home/anudeep/Desktop/git/Robotics-work/hw/ros2_ws/build/veve3725_service': CMAKE_PREFIX_PATH=/opt/ros/humble /usr/bin/cmake /home/anudeep/Desktop/git/Robotics-work/hw/ros2_ws/src/veve3725_service -DBUILD_TESTING=OFF -DCMAKE_BUILD_PARALLEL_LEVEL=1 -DAMENT_CMAKE_SYMLINK_INSTALL=1 -DCMAKE_INSTALL_PREFIX=/home/anudeep/Desktop/git/Robotics-work/hw/ros2_ws/install/veve3725_service
[3.127s] -- The C compiler identification is GNU 11.4.0
[4.200s] -- The CXX compiler identification is GNU 11.4.0
[4.312s] -- Detecting C compiler ABI info
[5.017s] -- Detecting C compiler ABI info - done
[5.058s] -- Check for working C compiler: /usr/bin/cc - skipped
[5.070s] -- Detecting C compile features
[5.070s] -- Detecting C compile features - done
[5.094s] -- Detecting CXX compiler ABI info
[5.779s] -- Detecting CXX compiler ABI info - done
[5.791s] -- Check for working CXX compiler: /usr/bin/c++ - skipped
[5.791s] -- Detecting CXX compile features
[5.792s] -- Detecting CXX compile features - done
[6.030s] -- Found ament_cmake: 1.3.12 (/opt/ros/humble/share/ament_cmake/cmake)
[6.625s] -- Found Python3: /usr/bin/python3 (found version "3.10.12") found components: Interpreter 
[6.935s] -- Override CMake install command with custom implementation using symlinks instead of copying resources
[7.104s] -- Found std_msgs: 4.9.0 (/opt/ros/humble/share/std_msgs/cmake)
[7.825s] -- Found rosidl_generator_c: 3.1.7 (/opt/ros/humble/share/rosidl_generator_c/cmake)
[7.844s] -- Found rosidl_adapter: 3.1.7 (/opt/ros/humble/share/rosidl_adapter/cmake)
[7.889s] -- Found rosidl_generator_cpp: 3.1.7 (/opt/ros/humble/share/rosidl_generator_cpp/cmake)
[7.951s] -- Using all available rosidl_typesupport_c: rosidl_typesupport_fastrtps_c;rosidl_typesupport_introspection_c
[8.065s] -- Using all available rosidl_typesupport_cpp: rosidl_typesupport_fastrtps_cpp;rosidl_typesupport_introspection_cpp
[8.215s] -- Found rosidl_default_generators: 1.2.0 (/opt/ros/humble/share/rosidl_default_generators/cmake)
[9.144s] -- Found ament_cmake_ros: 0.10.0 (/opt/ros/humble/share/ament_cmake_ros/cmake)
[10.152s] -- Using all available rosidl_typesupport_c: rosidl_typesupport_fastrtps_c;rosidl_typesupport_introspection_c
[10.543s] -- Using all available rosidl_typesupport_cpp: rosidl_typesupport_fastrtps_cpp;rosidl_typesupport_introspection_cpp
[10.633s] -- Found PythonInterp: /usr/bin/python3 (found suitable version "3.10.12", minimum required is "3.6") 
[10.655s] -- Found python_cmake_module: 0.10.0 (/opt/ros/humble/share/python_cmake_module/cmake)
[10.801s] -- Found PythonLibs: /usr/lib/x86_64-linux-gnu/libpython3.10.so (found suitable version "3.10.12", minimum required is "3.5") 
[10.801s] -- Using PYTHON_EXECUTABLE: /usr/bin/python3
[10.801s] -- Using PYTHON_INCLUDE_DIRS: /usr/include/python3.10
[10.801s] -- Using PYTHON_LIBRARIES: /usr/lib/x86_64-linux-gnu/libpython3.10.so
[10.838s] -- Found PythonExtra: .so  
[11.032s] -- Configuring done
[11.122s] -- Generating done
[11.162s] [33mCMake Warning:
[11.166s]   Manually-specified variables were not used by the project:
[11.166s] 
[11.167s]     CMAKE_BUILD_PARALLEL_LEVEL
[11.167s] 
[11.167s] [0m
[11.168s] -- Build files have been written to: /home/anudeep/Desktop/git/Robotics-work/hw/ros2_ws/build/veve3725_service
[11.176s] Invoked command in '/home/anudeep/Desktop/git/Robotics-work/hw/ros2_ws/build/veve3725_service' returned '0': CMAKE_PREFIX_PATH=/opt/ros/humble /usr/bin/cmake /home/anudeep/Desktop/git/Robotics-work/hw/ros2_ws/src/veve3725_service -DBUILD_TESTING=OFF -DCMAKE_BUILD_PARALLEL_LEVEL=1 -DAMENT_CMAKE_SYMLINK_INSTALL=1 -DCMAKE_INSTALL_PREFIX=/home/anudeep/Desktop/git/Robotics-work/hw/ros2_ws/install/veve3725_service
[11.179s] Invoking command in '/home/anudeep/Desktop/git/Robotics-work/hw/ros2_ws/build/veve3725_service': CMAKE_PREFIX_PATH=/opt/ros/humble /usr/bin/cmake --build /home/anudeep/Desktop/git/Robotics-work/hw/ros2_ws/build/veve3725_service -- -j10 -l10
[11.417s] [  3%] [34m[1mGenerating C code for ROS interfaces[0m
[11.478s] [  6%] [34m[1mGenerating C++ code for ROS interfaces[0m
[11.639s] [  6%] Built target ament_cmake_python_symlink_veve3725_service
[12.338s] [  9%] [32mBuilding C object CMakeFiles/veve3725_service__rosidl_generator_c.dir/rosidl_generator_c/veve3725_service/srv/detail/veve3725_service__functions.c.o[0m
[12.339s] [  9%] Built target veve3725_service__cpp
[12.371s] [ 12%] [34m[1mGenerating C++ type support dispatch for ROS interfaces[0m
[12.371s] running egg_info
[12.371s] [ 16%] [34m[1mGenerating C++ type support for eProsima Fast-RTPS[0m
[12.371s] creating veve3725_service.egg-info
[12.373s] writing veve3725_service.egg-info/PKG-INFO
[12.373s] writing dependency_links to veve3725_service.egg-info/dependency_links.txt
[12.373s] writing top-level names to veve3725_service.egg-info/top_level.txt
[12.384s] writing manifest file 'veve3725_service.egg-info/SOURCES.txt'
[12.408s] reading manifest file 'veve3725_service.egg-info/SOURCES.txt'
[12.408s] writing manifest file 'veve3725_service.egg-info/SOURCES.txt'
[12.428s] [ 19%] [34m[1mGenerating C++ introspection for ROS interfaces[0m
[12.603s] [ 19%] Built target ament_cmake_python_build_veve3725_service_egg
[13.088s] [ 22%] [32mBuilding CXX object CMakeFiles/veve3725_service__rosidl_typesupport_cpp.dir/rosidl_typesupport_cpp/veve3725_service/srv/veve3725_service__type_support.cpp.o[0m
[13.211s] [ 25%] [32m[1mLinking C shared library libveve3725_service__rosidl_generator_c.so[0m
[13.401s] [ 29%] [32mBuilding CXX object CMakeFiles/veve3725_service__rosidl_typesupport_introspection_cpp.dir/rosidl_typesupport_introspection_cpp/veve3725_service/srv/detail/veve3725_service__type_support.cpp.o[0m
[13.744s] [ 29%] Built target veve3725_service__rosidl_generator_c
[13.836s] [ 32%] [34m[1mGenerating C introspection for ROS interfaces[0m
[13.844s] [ 35%] [32mBuilding CXX object CMakeFiles/veve3725_service__rosidl_typesupport_fastrtps_cpp.dir/rosidl_typesupport_fastrtps_cpp/veve3725_service/srv/detail/dds_fastrtps/veve3725_service__type_support.cpp.o[0m
[13.863s] [ 38%] [34m[1mGenerating C type support for eProsima Fast-RTPS[0m
[13.914s] [ 41%] [34m[1mGenerating C type support dispatch for ROS interfaces[0m
[14.826s] [ 45%] [32mBuilding CXX object CMakeFiles/veve3725_service__rosidl_typesupport_fastrtps_c.dir/rosidl_typesupport_fastrtps_c/veve3725_service/srv/detail/veve3725_service__type_support_c.cpp.o[0m
[14.877s] [ 48%] [32mBuilding CXX object CMakeFiles/veve3725_service__rosidl_typesupport_c.dir/rosidl_typesupport_c/veve3725_service/srv/veve3725_service__type_support.cpp.o[0m
[14.932s] [ 51%] [32mBuilding C object CMakeFiles/veve3725_service__rosidl_typesupport_introspection_c.dir/rosidl_typesupport_introspection_c/veve3725_service/srv/detail/veve3725_service__type_support.c.o[0m
[15.155s] [ 54%] [32m[1mLinking CXX shared library libveve3725_service__rosidl_typesupport_cpp.so[0m
[15.172s] [ 58%] [32m[1mLinking C shared library libveve3725_service__rosidl_typesupport_introspection_c.so[0m
[15.179s] [ 61%] [32m[1mLinking CXX shared library libveve3725_service__rosidl_typesupport_c.so[0m
[15.473s] [ 61%] Built target veve3725_service__rosidl_typesupport_introspection_c
[15.526s] [ 61%] Built target veve3725_service__rosidl_typesupport_c
[15.550s] [ 61%] Built target veve3725_service__rosidl_typesupport_cpp
[15.614s] [ 64%] [32m[1mLinking CXX shared library libveve3725_service__rosidl_typesupport_introspection_cpp.so[0m
[15.774s] [ 67%] [32m[1mLinking CXX shared library libveve3725_service__rosidl_typesupport_fastrtps_cpp.so[0m
[15.876s] [ 70%] [32m[1mLinking CXX shared library libveve3725_service__rosidl_typesupport_fastrtps_c.so[0m
[16.016s] [ 70%] Built target veve3725_service__rosidl_typesupport_introspection_cpp
[16.125s] [ 70%] Built target veve3725_service__rosidl_typesupport_fastrtps_cpp
[16.231s] [ 70%] Built target veve3725_service__rosidl_typesupport_fastrtps_c
[16.269s] [ 70%] Built target veve3725_service
[16.490s] [ 74%] [34m[1mGenerating Python code for ROS interfaces[0m
[17.322s] [ 74%] Built target veve3725_service__py
[17.418s] [ 77%] [32mBuilding C object CMakeFiles/veve3725_service__rosidl_generator_py.dir/rosidl_generator_py/veve3725_service/srv/_veve3725_service_s.c.o[0m
[17.934s] [ 80%] [32m[1mLinking C shared library rosidl_generator_py/veve3725_service/libveve3725_service__rosidl_generator_py.so[0m
[18.040s] [ 80%] Built target veve3725_service__rosidl_generator_py
[18.162s] [ 83%] [32mBuilding C object CMakeFiles/veve3725_service__rosidl_typesupport_introspection_c__pyext.dir/rosidl_generator_py/veve3725_service/_veve3725_service_s.ep.rosidl_typesupport_introspection_c.c.o[0m
[18.165s] [ 87%] [32mBuilding C object CMakeFiles/veve3725_service__rosidl_typesupport_fastrtps_c__pyext.dir/rosidl_generator_py/veve3725_service/_veve3725_service_s.ep.rosidl_typesupport_fastrtps_c.c.o[0m
[18.174s] [ 90%] [32mBuilding C object CMakeFiles/veve3725_service__rosidl_typesupport_c__pyext.dir/rosidl_generator_py/veve3725_service/_veve3725_service_s.ep.rosidl_typesupport_c.c.o[0m
[18.455s] [ 93%] [32m[1mLinking C shared library rosidl_generator_py/veve3725_service/veve3725_service_s__rosidl_typesupport_c.cpython-310-x86_64-linux-gnu.so[0m
[18.502s] [ 96%] [32m[1mLinking C shared library rosidl_generator_py/veve3725_service/veve3725_service_s__rosidl_typesupport_fastrtps_c.cpython-310-x86_64-linux-gnu.so[0m
[18.548s] [100%] [32m[1mLinking C shared library rosidl_generator_py/veve3725_service/veve3725_service_s__rosidl_typesupport_introspection_c.cpython-310-x86_64-linux-gnu.so[0m
[18.658s] [100%] Built target veve3725_service__rosidl_typesupport_c__pyext
[18.680s] [100%] Built target veve3725_service__rosidl_typesupport_introspection_c__pyext
[18.683s] [100%] Built target veve3725_service__rosidl_typesupport_fastrtps_c__pyext
[18.702s] Invoked command in '/home/anudeep/Desktop/git/Robotics-work/hw/ros2_ws/build/veve3725_service' returned '0': CMAKE_PREFIX_PATH=/opt/ros/humble /usr/bin/cmake --build /home/anudeep/Desktop/git/Robotics-work/hw/ros2_ws/build/veve3725_service -- -j10 -l10
[18.728s] Invoking command in '/home/anudeep/Desktop/git/Robotics-work/hw/ros2_ws/build/veve3725_service': CMAKE_PREFIX_PATH=/opt/ros/humble /usr/bin/cmake --install /home/anudeep/Desktop/git/Robotics-work/hw/ros2_ws/build/veve3725_service
[18.742s] -- Install configuration: ""
[18.743s] -- Execute custom install script
[18.743s] -- Symlinking: /home/anudeep/Desktop/git/Robotics-work/hw/ros2_ws/install/veve3725_service/share/ament_index/resource_index/rosidl_interfaces/veve3725_service
[18.755s] -- Symlinking: /home/anudeep/Desktop/git/Robotics-work/hw/ros2_ws/install/veve3725_service/include/veve3725_service/veve3725_service/msg/rosidl_generator_c__visibility_control.h
[18.769s] -- Symlinking: /home/anudeep/Desktop/git/Robotics-work/hw/ros2_ws/install/veve3725_service/include/veve3725_service/veve3725_service/srv/detail/veve3725_service__functions.h
[18.781s] -- Symlinking: /home/anudeep/Desktop/git/Robotics-work/hw/ros2_ws/install/veve3725_service/include/veve3725_service/veve3725_service/srv/detail/veve3725_service__struct.h
[18.795s] -- Symlinking: /home/anudeep/Desktop/git/Robotics-work/hw/ros2_ws/install/veve3725_service/include/veve3725_service/veve3725_service/srv/detail/veve3725_service__type_support.h
[18.836s] -- Symlinking: /home/anudeep/Desktop/git/Robotics-work/hw/ros2_ws/install/veve3725_service/include/veve3725_service/veve3725_service/srv/veve3725_service.h
[18.848s] -- Symlinking: /home/anudeep/Desktop/git/Robotics-work/hw/ros2_ws/install/veve3725_service/share/veve3725_service/environment/library_path.sh
[18.860s] -- Symlinking: /home/anudeep/Desktop/git/Robotics-work/hw/ros2_ws/install/veve3725_service/share/veve3725_service/environment/library_path.dsv
[18.870s] -- Symlinking: /home/anudeep/Desktop/git/Robotics-work/hw/ros2_ws/install/veve3725_service/include/veve3725_service/veve3725_service/msg/rosidl_typesupport_fastrtps_c__visibility_control.h
[18.917s] -- Symlinking: /home/anudeep/Desktop/git/Robotics-work/hw/ros2_ws/install/veve3725_service/include/veve3725_service/veve3725_service/srv/detail/veve3725_service__rosidl_typesupport_fastrtps_c.h
[18.946s] -- Symlinking: /home/anudeep/Desktop/git/Robotics-work/hw/ros2_ws/install/veve3725_service/include/veve3725_service/veve3725_service/msg/rosidl_generator_cpp__visibility_control.hpp
[18.973s] -- Symlinking: /home/anudeep/Desktop/git/Robotics-work/hw/ros2_ws/install/veve3725_service/include/veve3725_service/veve3725_service/srv/detail/veve3725_service__builder.hpp
[18.989s] -- Symlinking: /home/anudeep/Desktop/git/Robotics-work/hw/ros2_ws/install/veve3725_service/include/veve3725_service/veve3725_service/srv/detail/veve3725_service__struct.hpp
[19.027s] -- Symlinking: /home/anudeep/Desktop/git/Robotics-work/hw/ros2_ws/install/veve3725_service/include/veve3725_service/veve3725_service/srv/detail/veve3725_service__traits.hpp
[19.097s] -- Symlinking: /home/anudeep/Desktop/git/Robotics-work/hw/ros2_ws/install/veve3725_service/include/veve3725_service/veve3725_service/srv/detail/veve3725_service__type_support.hpp
[19.118s] -- Symlinking: /home/anudeep/Desktop/git/Robotics-work/hw/ros2_ws/install/veve3725_service/include/veve3725_service/veve3725_service/srv/veve3725_service.hpp
[19.154s] -- Symlinking: /home/anudeep/Desktop/git/Robotics-work/hw/ros2_ws/install/veve3725_service/include/veve3725_service/veve3725_service/msg/rosidl_typesupport_fastrtps_cpp__visibility_control.h
[19.233s] -- Symlinking: /home/anudeep/Desktop/git/Robotics-work/hw/ros2_ws/install/veve3725_service/include/veve3725_service/veve3725_service/srv/detail/veve3725_service__rosidl_typesupport_fastrtps_cpp.hpp
[19.284s] -- Symlinking: /home/anudeep/Desktop/git/Robotics-work/hw/ros2_ws/install/veve3725_service/include/veve3725_service/veve3725_service/msg/rosidl_typesupport_introspection_c__visibility_control.h
[19.296s] -- Symlinking: /home/anudeep/Desktop/git/Robotics-work/hw/ros2_ws/install/veve3725_service/include/veve3725_service/veve3725_service/srv/detail/veve3725_service__rosidl_typesupport_introspection_c.h
[19.318s] -- Symlinking: /home/anudeep/Desktop/git/Robotics-work/hw/ros2_ws/install/veve3725_service/include/veve3725_service/veve3725_service/srv/detail/veve3725_service__rosidl_typesupport_introspection_cpp.hpp
[19.340s] -- Symlinking: /home/anudeep/Desktop/git/Robotics-work/hw/ros2_ws/install/veve3725_service/share/veve3725_service/environment/pythonpath.sh
[19.360s] -- Symlinking: /home/anudeep/Desktop/git/Robotics-work/hw/ros2_ws/install/veve3725_service/share/veve3725_service/environment/pythonpath.dsv
[19.373s] -- Symlinking: /home/anudeep/Desktop/git/Robotics-work/hw/ros2_ws/install/veve3725_service/local/lib/python3.10/dist-packages/veve3725_service-0.0.1-py3.10.egg-info/PKG-INFO
[19.430s] -- Symlinking: /home/anudeep/Desktop/git/Robotics-work/hw/ros2_ws/install/veve3725_service/local/lib/python3.10/dist-packages/veve3725_service-0.0.1-py3.10.egg-info/SOURCES.txt
[19.475s] -- Symlinking: /home/anudeep/Desktop/git/Robotics-work/hw/ros2_ws/install/veve3725_service/local/lib/python3.10/dist-packages/veve3725_service-0.0.1-py3.10.egg-info/dependency_links.txt
[19.526s] -- Symlinking: /home/anudeep/Desktop/git/Robotics-work/hw/ros2_ws/install/veve3725_service/local/lib/python3.10/dist-packages/veve3725_service-0.0.1-py3.10.egg-info/top_level.txt
[19.547s] -- Symlinking: /home/anudeep/Desktop/git/Robotics-work/hw/ros2_ws/install/veve3725_service/local/lib/python3.10/dist-packages/veve3725_service/__init__.py
[19.559s] -- Symlinking: /home/anudeep/Desktop/git/Robotics-work/hw/ros2_ws/install/veve3725_service/local/lib/python3.10/dist-packages/veve3725_service/_veve3725_service_s.ep.rosidl_typesupport_c.c
[19.573s] -- Symlinking: /home/anudeep/Desktop/git/Robotics-work/hw/ros2_ws/install/veve3725_service/local/lib/python3.10/dist-packages/veve3725_service/_veve3725_service_s.ep.rosidl_typesupport_fastrtps_c.c
[19.584s] -- Symlinking: /home/anudeep/Desktop/git/Robotics-work/hw/ros2_ws/install/veve3725_service/local/lib/python3.10/dist-packages/veve3725_service/_veve3725_service_s.ep.rosidl_typesupport_introspection_c.c
[19.598s] -- Symlinking: /home/anudeep/Desktop/git/Robotics-work/hw/ros2_ws/install/veve3725_service/local/lib/python3.10/dist-packages/veve3725_service/libveve3725_service__rosidl_generator_py.so
[19.617s] -- Symlinking: /home/anudeep/Desktop/git/Robotics-work/hw/ros2_ws/install/veve3725_service/local/lib/python3.10/dist-packages/veve3725_service/srv/__init__.py
[19.628s] -- Symlinking: /home/anudeep/Desktop/git/Robotics-work/hw/ros2_ws/install/veve3725_service/local/lib/python3.10/dist-packages/veve3725_service/srv/_veve3725_service.py
[19.676s] -- Symlinking: /home/anudeep/Desktop/git/Robotics-work/hw/ros2_ws/install/veve3725_service/local/lib/python3.10/dist-packages/veve3725_service/srv/_veve3725_service_s.c
[19.728s] -- Symlinking: /home/anudeep/Desktop/git/Robotics-work/hw/ros2_ws/install/veve3725_service/local/lib/python3.10/dist-packages/veve3725_service/veve3725_service_s__rosidl_typesupport_c.cpython-310-x86_64-linux-gnu.so
[19.740s] -- Symlinking: /home/anudeep/Desktop/git/Robotics-work/hw/ros2_ws/install/veve3725_service/local/lib/python3.10/dist-packages/veve3725_service/veve3725_service_s__rosidl_typesupport_fastrtps_c.cpython-310-x86_64-linux-gnu.so
[19.756s] -- Symlinking: /home/anudeep/Desktop/git/Robotics-work/hw/ros2_ws/install/veve3725_service/local/lib/python3.10/dist-packages/veve3725_service/veve3725_service_s__rosidl_typesupport_introspection_c.cpython-310-x86_64-linux-gnu.so
[19.767s] -- Up-to-date symlink: /home/anudeep/Desktop/git/Robotics-work/hw/ros2_ws/install/veve3725_service/local/lib/python3.10/dist-packages/veve3725_service/veve3725_service_s__rosidl_typesupport_fastrtps_c.cpython-310-x86_64-linux-gnu.so
[19.767s] -- Up-to-date symlink: /home/anudeep/Desktop/git/Robotics-work/hw/ros2_ws/install/veve3725_service/local/lib/python3.10/dist-packages/veve3725_service/veve3725_service_s__rosidl_typesupport_introspection_c.cpython-310-x86_64-linux-gnu.so
[19.768s] -- Up-to-date symlink: /home/anudeep/Desktop/git/Robotics-work/hw/ros2_ws/install/veve3725_service/local/lib/python3.10/dist-packages/veve3725_service/veve3725_service_s__rosidl_typesupport_c.cpython-310-x86_64-linux-gnu.so
[19.768s] -- Symlinking: /home/anudeep/Desktop/git/Robotics-work/hw/ros2_ws/install/veve3725_service/share/veve3725_service/srv/Veve3725Service.idl
[19.784s] -- Symlinking: /home/anudeep/Desktop/git/Robotics-work/hw/ros2_ws/install/veve3725_service/share/veve3725_service/srv/Veve3725Service.srv
[19.797s] -- Symlinking: /home/anudeep/Desktop/git/Robotics-work/hw/ros2_ws/install/veve3725_service/share/veve3725_service/srv/Veve3725Service_Request.msg
[19.827s] -- Symlinking: /home/anudeep/Desktop/git/Robotics-work/hw/ros2_ws/install/veve3725_service/share/veve3725_service/srv/Veve3725Service_Response.msg
[19.887s] -- Symlinking: /home/anudeep/Desktop/git/Robotics-work/hw/ros2_ws/install/veve3725_service/share/ament_index/resource_index/package_run_dependencies/veve3725_service
[19.924s] -- Symlinking: /home/anudeep/Desktop/git/Robotics-work/hw/ros2_ws/install/veve3725_service/share/ament_index/resource_index/parent_prefix_path/veve3725_service
[19.995s] -- Symlinking: /home/anudeep/Desktop/git/Robotics-work/hw/ros2_ws/install/veve3725_service/share/veve3725_service/environment/ament_prefix_path.sh
[20.065s] -- Symlinking: /home/anudeep/Desktop/git/Robotics-work/hw/ros2_ws/install/veve3725_service/share/veve3725_service/environment/ament_prefix_path.dsv
[20.075s] -- Symlinking: /home/anudeep/Desktop/git/Robotics-work/hw/ros2_ws/install/veve3725_service/share/veve3725_service/environment/path.sh
[20.097s] -- Symlinking: /home/anudeep/Desktop/git/Robotics-work/hw/ros2_ws/install/veve3725_service/share/veve3725_service/environment/path.dsv
[20.117s] -- Symlinking: /home/anudeep/Desktop/git/Robotics-work/hw/ros2_ws/install/veve3725_service/share/veve3725_service/local_setup.bash
[20.131s] -- Symlinking: /home/anudeep/Desktop/git/Robotics-work/hw/ros2_ws/install/veve3725_service/share/veve3725_service/local_setup.sh
[20.145s] -- Symlinking: /home/anudeep/Desktop/git/Robotics-work/hw/ros2_ws/install/veve3725_service/share/veve3725_service/local_setup.zsh
[20.160s] -- Symlinking: /home/anudeep/Desktop/git/Robotics-work/hw/ros2_ws/install/veve3725_service/share/veve3725_service/local_setup.dsv
[20.177s] -- Symlinking: /home/anudeep/Desktop/git/Robotics-work/hw/ros2_ws/install/veve3725_service/share/veve3725_service/package.dsv
[20.240s] -- Symlinking: /home/anudeep/Desktop/git/Robotics-work/hw/ros2_ws/install/veve3725_service/share/ament_index/resource_index/packages/veve3725_service
[20.296s] -- Symlinking: /home/anudeep/Desktop/git/Robotics-work/hw/ros2_ws/install/veve3725_service/share/veve3725_service/cmake/rosidl_cmake-extras.cmake
[20.311s] -- Symlinking: /home/anudeep/Desktop/git/Robotics-work/hw/ros2_ws/install/veve3725_service/share/veve3725_service/cmake/ament_cmake_export_dependencies-extras.cmake
[20.325s] -- Symlinking: /home/anudeep/Desktop/git/Robotics-work/hw/ros2_ws/install/veve3725_service/share/veve3725_service/cmake/ament_cmake_export_include_directories-extras.cmake
[20.349s] -- Symlinking: /home/anudeep/Desktop/git/Robotics-work/hw/ros2_ws/install/veve3725_service/share/veve3725_service/cmake/ament_cmake_export_libraries-extras.cmake
[20.365s] -- Symlinking: /home/anudeep/Desktop/git/Robotics-work/hw/ros2_ws/install/veve3725_service/share/veve3725_service/cmake/ament_cmake_export_targets-extras.cmake
[20.377s] -- Symlinking: /home/anudeep/Desktop/git/Robotics-work/hw/ros2_ws/install/veve3725_service/share/veve3725_service/cmake/rosidl_cmake_export_typesupport_targets-extras.cmake
[20.403s] -- Symlinking: /home/anudeep/Desktop/git/Robotics-work/hw/ros2_ws/install/veve3725_service/share/veve3725_service/cmake/rosidl_cmake_export_typesupport_libraries-extras.cmake
[20.438s] -- Symlinking: /home/anudeep/Desktop/git/Robotics-work/hw/ros2_ws/install/veve3725_service/share/veve3725_service/cmake/veve3725_serviceConfig.cmake
[20.480s] -- Symlinking: /home/anudeep/Desktop/git/Robotics-work/hw/ros2_ws/install/veve3725_service/share/veve3725_service/cmake/veve3725_serviceConfig-version.cmake
[20.530s] -- Symlinking: /home/anudeep/Desktop/git/Robotics-work/hw/ros2_ws/install/veve3725_service/share/veve3725_service/package.xml
[20.544s] -- Installing: /home/anudeep/Desktop/git/Robotics-work/hw/ros2_ws/install/veve3725_service/lib/libveve3725_service__rosidl_generator_c.so
[20.546s] -- Set runtime path of "/home/anudeep/Desktop/git/Robotics-work/hw/ros2_ws/install/veve3725_service/lib/libveve3725_service__rosidl_generator_c.so" to ""
[20.546s] -- Installing: /home/anudeep/Desktop/git/Robotics-work/hw/ros2_ws/install/veve3725_service/lib/libveve3725_service__rosidl_typesupport_fastrtps_c.so
[20.546s] -- Set runtime path of "/home/anudeep/Desktop/git/Robotics-work/hw/ros2_ws/install/veve3725_service/lib/libveve3725_service__rosidl_typesupport_fastrtps_c.so" to ""
[20.547s] -- Installing: /home/anudeep/Desktop/git/Robotics-work/hw/ros2_ws/install/veve3725_service/lib/libveve3725_service__rosidl_typesupport_fastrtps_cpp.so
[20.547s] -- Set runtime path of "/home/anudeep/Desktop/git/Robotics-work/hw/ros2_ws/install/veve3725_service/lib/libveve3725_service__rosidl_typesupport_fastrtps_cpp.so" to ""
[20.547s] -- Installing: /home/anudeep/Desktop/git/Robotics-work/hw/ros2_ws/install/veve3725_service/lib/libveve3725_service__rosidl_typesupport_introspection_c.so
[20.548s] -- Set runtime path of "/home/anudeep/Desktop/git/Robotics-work/hw/ros2_ws/install/veve3725_service/lib/libveve3725_service__rosidl_typesupport_introspection_c.so" to ""
[20.548s] -- Installing: /home/anudeep/Desktop/git/Robotics-work/hw/ros2_ws/install/veve3725_service/lib/libveve3725_service__rosidl_typesupport_c.so
[20.549s] -- Set runtime path of "/home/anudeep/Desktop/git/Robotics-work/hw/ros2_ws/install/veve3725_service/lib/libveve3725_service__rosidl_typesupport_c.so" to ""
[20.550s] -- Installing: /home/anudeep/Desktop/git/Robotics-work/hw/ros2_ws/install/veve3725_service/lib/libveve3725_service__rosidl_typesupport_introspection_cpp.so
[20.550s] -- Set runtime path of "/home/anudeep/Desktop/git/Robotics-work/hw/ros2_ws/install/veve3725_service/lib/libveve3725_service__rosidl_typesupport_introspection_cpp.so" to ""
[20.550s] -- Installing: /home/anudeep/Desktop/git/Robotics-work/hw/ros2_ws/install/veve3725_service/lib/libveve3725_service__rosidl_typesupport_cpp.so
[20.553s] -- Set runtime path of "/home/anudeep/Desktop/git/Robotics-work/hw/ros2_ws/install/veve3725_service/lib/libveve3725_service__rosidl_typesupport_cpp.so" to ""
[20.648s] Listing '/home/anudeep/Desktop/git/Robotics-work/hw/ros2_ws/install/veve3725_service/local/lib/python3.10/dist-packages/veve3725_service'...
[20.648s] Compiling '/home/anudeep/Desktop/git/Robotics-work/hw/ros2_ws/install/veve3725_service/local/lib/python3.10/dist-packages/veve3725_service/__init__.py'...
[20.650s] Listing '/home/anudeep/Desktop/git/Robotics-work/hw/ros2_ws/install/veve3725_service/local/lib/python3.10/dist-packages/veve3725_service/srv'...
[20.650s] Compiling '/home/anudeep/Desktop/git/Robotics-work/hw/ros2_ws/install/veve3725_service/local/lib/python3.10/dist-packages/veve3725_service/srv/__init__.py'...
[20.651s] Compiling '/home/anudeep/Desktop/git/Robotics-work/hw/ros2_ws/install/veve3725_service/local/lib/python3.10/dist-packages/veve3725_service/srv/_veve3725_service.py'...
[20.657s] -- Installing: /home/anudeep/Desktop/git/Robotics-work/hw/ros2_ws/install/veve3725_service/lib/libveve3725_service__rosidl_generator_py.so
[20.658s] -- Set runtime path of "/home/anudeep/Desktop/git/Robotics-work/hw/ros2_ws/install/veve3725_service/lib/libveve3725_service__rosidl_generator_py.so" to ""
[20.658s] -- Installing: /home/anudeep/Desktop/git/Robotics-work/hw/ros2_ws/install/veve3725_service/share/veve3725_service/cmake/export_veve3725_service__rosidl_generator_cExport.cmake
[20.658s] -- Installing: /home/anudeep/Desktop/git/Robotics-work/hw/ros2_ws/install/veve3725_service/share/veve3725_service/cmake/export_veve3725_service__rosidl_generator_cExport-noconfig.cmake
[20.659s] -- Installing: /home/anudeep/Desktop/git/Robotics-work/hw/ros2_ws/install/veve3725_service/share/veve3725_service/cmake/export_veve3725_service__rosidl_typesupport_fastrtps_cExport.cmake
[20.659s] -- Installing: /home/anudeep/Desktop/git/Robotics-work/hw/ros2_ws/install/veve3725_service/share/veve3725_service/cmake/export_veve3725_service__rosidl_typesupport_fastrtps_cExport-noconfig.cmake
[20.659s] -- Installing: /home/anudeep/Desktop/git/Robotics-work/hw/ros2_ws/install/veve3725_service/share/veve3725_service/cmake/export_veve3725_service__rosidl_generator_cppExport.cmake
[20.659s] -- Installing: /home/anudeep/Desktop/git/Robotics-work/hw/ros2_ws/install/veve3725_service/share/veve3725_service/cmake/export_veve3725_service__rosidl_typesupport_fastrtps_cppExport.cmake
[20.659s] -- Installing: /home/anudeep/Desktop/git/Robotics-work/hw/ros2_ws/install/veve3725_service/share/veve3725_service/cmake/export_veve3725_service__rosidl_typesupport_fastrtps_cppExport-noconfig.cmake
[20.660s] -- Installing: /home/anudeep/Desktop/git/Robotics-work/hw/ros2_ws/install/veve3725_service/share/veve3725_service/cmake/veve3725_service__rosidl_typesupport_introspection_cExport.cmake
[20.660s] -- Installing: /home/anudeep/Desktop/git/Robotics-work/hw/ros2_ws/install/veve3725_service/share/veve3725_service/cmake/veve3725_service__rosidl_typesupport_introspection_cExport-noconfig.cmake
[20.664s] -- Installing: /home/anudeep/Desktop/git/Robotics-work/hw/ros2_ws/install/veve3725_service/share/veve3725_service/cmake/veve3725_service__rosidl_typesupport_cExport.cmake
[20.664s] -- Installing: /home/anudeep/Desktop/git/Robotics-work/hw/ros2_ws/install/veve3725_service/share/veve3725_service/cmake/veve3725_service__rosidl_typesupport_cExport-noconfig.cmake
[20.672s] -- Installing: /home/anudeep/Desktop/git/Robotics-work/hw/ros2_ws/install/veve3725_service/share/veve3725_service/cmake/veve3725_service__rosidl_typesupport_introspection_cppExport.cmake
[20.672s] -- Installing: /home/anudeep/Desktop/git/Robotics-work/hw/ros2_ws/install/veve3725_service/share/veve3725_service/cmake/veve3725_service__rosidl_typesupport_introspection_cppExport-noconfig.cmake
[20.672s] -- Installing: /home/anudeep/Desktop/git/Robotics-work/hw/ros2_ws/install/veve3725_service/share/veve3725_service/cmake/veve3725_service__rosidl_typesupport_cppExport.cmake
[20.672s] -- Installing: /home/anudeep/Desktop/git/Robotics-work/hw/ros2_ws/install/veve3725_service/share/veve3725_service/cmake/veve3725_service__rosidl_typesupport_cppExport-noconfig.cmake
[20.672s] -- Installing: /home/anudeep/Desktop/git/Robotics-work/hw/ros2_ws/install/veve3725_service/share/veve3725_service/cmake/export_veve3725_service__rosidl_generator_pyExport.cmake
[20.672s] -- Installing: /home/anudeep/Desktop/git/Robotics-work/hw/ros2_ws/install/veve3725_service/share/veve3725_service/cmake/export_veve3725_service__rosidl_generator_pyExport-noconfig.cmake
[20.711s] Invoked command in '/home/anudeep/Desktop/git/Robotics-work/hw/ros2_ws/build/veve3725_service' returned '0': CMAKE_PREFIX_PATH=/opt/ros/humble /usr/bin/cmake --install /home/anudeep/Desktop/git/Robotics-work/hw/ros2_ws/build/veve3725_service
