[0.121s] DEBUG:colcon:Command line arguments: ['/usr/bin/colcon', 'build', '--packages-select', 'pubsubpackage', '--symlink-install', '--executor', 'sequential', '--cmake-args', '-DBUILD_TESTING=OFF', '-DCMAKE_BUILD_PARALLEL_LEVEL=1']
[0.121s] DEBUG:colcon:Parsed command line arguments: Namespace(log_base=None, log_level=None, verb_name='build', build_base='build', install_base='install', merge_install=False, symlink_install=True, test_result_base=None, continue_on_error=False, executor='sequential', parallel_workers=10, event_handlers=None, ignore_user_meta=False, metas=['./colcon.meta'], base_paths=['.'], packages_ignore=None, packages_ignore_regex=None, paths=None, packages_up_to=None, packages_up_to_regex=None, packages_above=None, packages_above_and_dependencies=None, packages_above_depth=None, packages_select_by_dep=None, packages_skip_by_dep=None, packages_skip_up_to=None, packages_select_build_failed=False, packages_skip_build_finished=False, packages_select_test_failures=False, packages_skip_test_passed=False, packages_select=['pubsubpackage'], packages_skip=None, packages_select_regex=None, packages_skip_regex=None, packages_start=None, packages_end=None, allow_overriding=[], cmake_args=['-DBUILD_TESTING=OFF', '-DCMAKE_BUILD_PARALLEL_LEVEL=1'], cmake_target=None, cmake_target_skip_unavailable=False, cmake_clean_cache=False, cmake_clean_first=False, cmake_force_configure=False, ament_cmake_args=None, catkin_cmake_args=None, catkin_skip_building_tests=False, mixin_files=None, mixin=None, verb_parser=<colcon_mixin.mixin.mixin_argument.MixinArgumentDecorator object at 0x77f24e7672e0>, verb_extension=<colcon_core.verb.build.BuildVerb object at 0x77f24e8b03d0>, main=<bound method BuildVerb.main of <colcon_core.verb.build.BuildVerb object at 0x77f24e8b03d0>>, mixin_verb=('build',))
[0.336s] Level 1:colcon.colcon_core.package_discovery:discover_packages(colcon_meta) check parameters
[0.337s] Level 1:colcon.colcon_core.package_discovery:discover_packages(recursive) check parameters
[0.337s] Level 1:colcon.colcon_core.package_discovery:discover_packages(ignore) check parameters
[0.337s] Level 1:colcon.colcon_core.package_discovery:discover_packages(path) check parameters
[0.337s] Level 1:colcon.colcon_core.package_discovery:discover_packages(colcon_meta) discover
[0.337s] Level 1:colcon.colcon_core.package_discovery:discover_packages(recursive) discover
[0.337s] INFO:colcon.colcon_core.package_discovery:Crawling recursively for packages in '/home/anudeep/Desktop/git/Robotics-work/hw/ros2_ws'
[0.337s] Level 1:colcon.colcon_core.package_identification:_identify(.) by extensions ['ignore', 'ignore_ament_install']
[0.337s] Level 1:colcon.colcon_core.package_identification:_identify(.) by extension 'ignore'
[0.337s] Level 1:colcon.colcon_core.package_identification:_identify(.) by extension 'ignore_ament_install'
[0.337s] Level 1:colcon.colcon_core.package_identification:_identify(.) by extensions ['colcon_pkg']
[0.337s] Level 1:colcon.colcon_core.package_identification:_identify(.) by extension 'colcon_pkg'
[0.337s] Level 1:colcon.colcon_core.package_identification:_identify(.) by extensions ['colcon_meta']
[0.337s] Level 1:colcon.colcon_core.package_identification:_identify(.) by extension 'colcon_meta'
[0.337s] Level 1:colcon.colcon_core.package_identification:_identify(.) by extensions ['ros']
[0.337s] Level 1:colcon.colcon_core.package_identification:_identify(.) by extension 'ros'
[0.357s] Level 1:colcon.colcon_core.package_identification:_identify(.) by extensions ['cmake', 'python']
[0.358s] Level 1:colcon.colcon_core.package_identification:_identify(.) by extension 'cmake'
[0.358s] Level 1:colcon.colcon_core.package_identification:_identify(.) by extension 'python'
[0.358s] Level 1:colcon.colcon_core.package_identification:_identify(.) by extensions ['python_setup_py']
[0.358s] Level 1:colcon.colcon_core.package_identification:_identify(.) by extension 'python_setup_py'
[0.358s] Level 1:colcon.colcon_core.package_identification:_identify(build) by extensions ['ignore', 'ignore_ament_install']
[0.358s] Level 1:colcon.colcon_core.package_identification:_identify(build) by extension 'ignore'
[0.358s] Level 1:colcon.colcon_core.package_identification:_identify(build) ignored
[0.358s] Level 1:colcon.colcon_core.package_identification:_identify(docs) by extensions ['ignore', 'ignore_ament_install']
[0.358s] Level 1:colcon.colcon_core.package_identification:_identify(docs) by extension 'ignore'
[0.358s] Level 1:colcon.colcon_core.package_identification:_identify(docs) by extension 'ignore_ament_install'
[0.358s] Level 1:colcon.colcon_core.package_identification:_identify(docs) by extensions ['colcon_pkg']
[0.358s] Level 1:colcon.colcon_core.package_identification:_identify(docs) by extension 'colcon_pkg'
[0.358s] Level 1:colcon.colcon_core.package_identification:_identify(docs) by extensions ['colcon_meta']
[0.358s] Level 1:colcon.colcon_core.package_identification:_identify(docs) by extension 'colcon_meta'
[0.358s] Level 1:colcon.colcon_core.package_identification:_identify(docs) by extensions ['ros']
[0.358s] Level 1:colcon.colcon_core.package_identification:_identify(docs) by extension 'ros'
[0.358s] Level 1:colcon.colcon_core.package_identification:_identify(docs) by extensions ['cmake', 'python']
[0.358s] Level 1:colcon.colcon_core.package_identification:_identify(docs) by extension 'cmake'
[0.358s] Level 1:colcon.colcon_core.package_identification:_identify(docs) by extension 'python'
[0.358s] Level 1:colcon.colcon_core.package_identification:_identify(docs) by extensions ['python_setup_py']
[0.359s] Level 1:colcon.colcon_core.package_identification:_identify(docs) by extension 'python_setup_py'
[0.359s] Level 1:colcon.colcon_core.package_identification:_identify(install) by extensions ['ignore', 'ignore_ament_install']
[0.359s] Level 1:colcon.colcon_core.package_identification:_identify(install) by extension 'ignore'
[0.359s] Level 1:colcon.colcon_core.package_identification:_identify(install) ignored
[0.359s] Level 1:colcon.colcon_core.package_identification:_identify(log) by extensions ['ignore', 'ignore_ament_install']
[0.359s] Level 1:colcon.colcon_core.package_identification:_identify(log) by extension 'ignore'
[0.359s] Level 1:colcon.colcon_core.package_identification:_identify(log) ignored
[0.359s] Level 1:colcon.colcon_core.package_identification:_identify(logs) by extensions ['ignore', 'ignore_ament_install']
[0.359s] Level 1:colcon.colcon_core.package_identification:_identify(logs) by extension 'ignore'
[0.359s] Level 1:colcon.colcon_core.package_identification:_identify(logs) by extension 'ignore_ament_install'
[0.359s] Level 1:colcon.colcon_core.package_identification:_identify(logs) by extensions ['colcon_pkg']
[0.360s] Level 1:colcon.colcon_core.package_identification:_identify(logs) by extension 'colcon_pkg'
[0.360s] Level 1:colcon.colcon_core.package_identification:_identify(logs) by extensions ['colcon_meta']
[0.360s] Level 1:colcon.colcon_core.package_identification:_identify(logs) by extension 'colcon_meta'
[0.360s] Level 1:colcon.colcon_core.package_identification:_identify(logs) by extensions ['ros']
[0.360s] Level 1:colcon.colcon_core.package_identification:_identify(logs) by extension 'ros'
[0.360s] Level 1:colcon.colcon_core.package_identification:_identify(logs) by extensions ['cmake', 'python']
[0.360s] Level 1:colcon.colcon_core.package_identification:_identify(logs) by extension 'cmake'
[0.360s] Level 1:colcon.colcon_core.package_identification:_identify(logs) by extension 'python'
[0.360s] Level 1:colcon.colcon_core.package_identification:_identify(logs) by extensions ['python_setup_py']
[0.360s] Level 1:colcon.colcon_core.package_identification:_identify(logs) by extension 'python_setup_py'
[0.360s] Level 1:colcon.colcon_core.package_identification:_identify(src) by extensions ['ignore', 'ignore_ament_install']
[0.360s] Level 1:colcon.colcon_core.package_identification:_identify(src) by extension 'ignore'
[0.360s] Level 1:colcon.colcon_core.package_identification:_identify(src) by extension 'ignore_ament_install'
[0.360s] Level 1:colcon.colcon_core.package_identification:_identify(src) by extensions ['colcon_pkg']
[0.361s] Level 1:colcon.colcon_core.package_identification:_identify(src) by extension 'colcon_pkg'
[0.361s] Level 1:colcon.colcon_core.package_identification:_identify(src) by extensions ['colcon_meta']
[0.361s] Level 1:colcon.colcon_core.package_identification:_identify(src) by extension 'colcon_meta'
[0.361s] Level 1:colcon.colcon_core.package_identification:_identify(src) by extensions ['ros']
[0.361s] Level 1:colcon.colcon_core.package_identification:_identify(src) by extension 'ros'
[0.361s] Level 1:colcon.colcon_core.package_identification:_identify(src) by extensions ['cmake', 'python']
[0.361s] Level 1:colcon.colcon_core.package_identification:_identify(src) by extension 'cmake'
[0.361s] Level 1:colcon.colcon_core.package_identification:_identify(src) by extension 'python'
[0.361s] Level 1:colcon.colcon_core.package_identification:_identify(src) by extensions ['python_setup_py']
[0.361s] Level 1:colcon.colcon_core.package_identification:_identify(src) by extension 'python_setup_py'
[0.361s] Level 1:colcon.colcon_core.package_identification:_identify(src/pubsubpackage) by extensions ['ignore', 'ignore_ament_install']
[0.361s] Level 1:colcon.colcon_core.package_identification:_identify(src/pubsubpackage) by extension 'ignore'
[0.361s] Level 1:colcon.colcon_core.package_identification:_identify(src/pubsubpackage) by extension 'ignore_ament_install'
[0.361s] Level 1:colcon.colcon_core.package_identification:_identify(src/pubsubpackage) by extensions ['colcon_pkg']
[0.361s] Level 1:colcon.colcon_core.package_identification:_identify(src/pubsubpackage) by extension 'colcon_pkg'
[0.361s] Level 1:colcon.colcon_core.package_identification:_identify(src/pubsubpackage) by extensions ['colcon_meta']
[0.361s] Level 1:colcon.colcon_core.package_identification:_identify(src/pubsubpackage) by extension 'colcon_meta'
[0.361s] Level 1:colcon.colcon_core.package_identification:_identify(src/pubsubpackage) by extensions ['ros']
[0.361s] Level 1:colcon.colcon_core.package_identification:_identify(src/pubsubpackage) by extension 'ros'
[0.365s] DEBUG:colcon.colcon_core.package_identification:Package 'src/pubsubpackage' with type 'ros.ament_python' and name 'pubsubpackage'
[0.365s] Level 1:colcon.colcon_core.package_identification:_identify(src/veve3725_hw2) by extensions ['ignore', 'ignore_ament_install']
[0.365s] Level 1:colcon.colcon_core.package_identification:_identify(src/veve3725_hw2) by extension 'ignore'
[0.365s] Level 1:colcon.colcon_core.package_identification:_identify(src/veve3725_hw2) by extension 'ignore_ament_install'
[0.365s] Level 1:colcon.colcon_core.package_identification:_identify(src/veve3725_hw2) by extensions ['colcon_pkg']
[0.365s] Level 1:colcon.colcon_core.package_identification:_identify(src/veve3725_hw2) by extension 'colcon_pkg'
[0.365s] Level 1:colcon.colcon_core.package_identification:_identify(src/veve3725_hw2) by extensions ['colcon_meta']
[0.365s] Level 1:colcon.colcon_core.package_identification:_identify(src/veve3725_hw2) by extension 'colcon_meta'
[0.365s] Level 1:colcon.colcon_core.package_identification:_identify(src/veve3725_hw2) by extensions ['ros']
[0.365s] Level 1:colcon.colcon_core.package_identification:_identify(src/veve3725_hw2) by extension 'ros'
[0.366s] DEBUG:colcon.colcon_core.package_identification:Package 'src/veve3725_hw2' with type 'ros.ament_python' and name 'veve3725_hw2'
[0.366s] Level 1:colcon.colcon_core.package_identification:_identify(src/veve3725_service) by extensions ['ignore', 'ignore_ament_install']
[0.366s] Level 1:colcon.colcon_core.package_identification:_identify(src/veve3725_service) by extension 'ignore'
[0.366s] Level 1:colcon.colcon_core.package_identification:_identify(src/veve3725_service) by extension 'ignore_ament_install'
[0.366s] Level 1:colcon.colcon_core.package_identification:_identify(src/veve3725_service) by extensions ['colcon_pkg']
[0.366s] Level 1:colcon.colcon_core.package_identification:_identify(src/veve3725_service) by extension 'colcon_pkg'
[0.366s] Level 1:colcon.colcon_core.package_identification:_identify(src/veve3725_service) by extensions ['colcon_meta']
[0.366s] Level 1:colcon.colcon_core.package_identification:_identify(src/veve3725_service) by extension 'colcon_meta'
[0.366s] Level 1:colcon.colcon_core.package_identification:_identify(src/veve3725_service) by extensions ['ros']
[0.366s] Level 1:colcon.colcon_core.package_identification:_identify(src/veve3725_service) by extension 'ros'
[0.367s] DEBUG:colcon.colcon_core.package_identification:Package 'src/veve3725_service' with type 'ros.ament_cmake' and name 'veve3725_service'
[0.367s] Level 1:colcon.colcon_core.package_discovery:discover_packages(recursive) using defaults
[0.367s] Level 1:colcon.colcon_core.package_discovery:discover_packages(ignore) discover
[0.367s] Level 1:colcon.colcon_core.package_discovery:discover_packages(ignore) using defaults
[0.367s] Level 1:colcon.colcon_core.package_discovery:discover_packages(path) discover
[0.367s] Level 1:colcon.colcon_core.package_discovery:discover_packages(path) using defaults
[0.390s] INFO:colcon.colcon_core.package_selection:Skipping not selected package 'veve3725_service' in 'src/veve3725_service'
[0.390s] INFO:colcon.colcon_core.package_selection:Skipping not selected package 'veve3725_hw2' in 'src/veve3725_hw2'
[0.390s] Level 1:colcon.colcon_core.package_discovery:discover_packages(prefix_path) check parameters
[0.390s] Level 1:colcon.colcon_core.package_discovery:discover_packages(prefix_path) discover
[0.392s] DEBUG:colcon.colcon_installed_package_information.package_discovery:Found 2 installed packages in /home/anudeep/Desktop/git/Robotics-work/hw/ros2_ws/install
[0.397s] DEBUG:colcon.colcon_installed_package_information.package_discovery:Found 295 installed packages in /opt/ros/humble
[0.399s] Level 1:colcon.colcon_core.package_discovery:discover_packages(prefix_path) using defaults
[0.438s] Level 5:colcon.colcon_core.verb:set package 'pubsubpackage' build argument 'cmake_args' from command line to '['-DBUILD_TESTING=OFF', '-DCMAKE_BUILD_PARALLEL_LEVEL=1']'
[0.438s] Level 5:colcon.colcon_core.verb:set package 'pubsubpackage' build argument 'cmake_target' from command line to 'None'
[0.438s] Level 5:colcon.colcon_core.verb:set package 'pubsubpackage' build argument 'cmake_target_skip_unavailable' from command line to 'False'
[0.438s] Level 5:colcon.colcon_core.verb:set package 'pubsubpackage' build argument 'cmake_clean_cache' from command line to 'False'
[0.438s] Level 5:colcon.colcon_core.verb:set package 'pubsubpackage' build argument 'cmake_clean_first' from command line to 'False'
[0.438s] Level 5:colcon.colcon_core.verb:set package 'pubsubpackage' build argument 'cmake_force_configure' from command line to 'False'
[0.438s] Level 5:colcon.colcon_core.verb:set package 'pubsubpackage' build argument 'ament_cmake_args' from command line to 'None'
[0.438s] Level 5:colcon.colcon_core.verb:set package 'pubsubpackage' build argument 'catkin_cmake_args' from command line to 'None'
[0.438s] Level 5:colcon.colcon_core.verb:set package 'pubsubpackage' build argument 'catkin_skip_building_tests' from command line to 'False'
[0.438s] DEBUG:colcon.colcon_core.verb:Building package 'pubsubpackage' with the following arguments: {'ament_cmake_args': None, 'build_base': '/home/anudeep/Desktop/git/Robotics-work/hw/ros2_ws/build/pubsubpackage', 'catkin_cmake_args': None, 'catkin_skip_building_tests': False, 'cmake_args': ['-DBUILD_TESTING=OFF', '-DCMAKE_BUILD_PARALLEL_LEVEL=1'], 'cmake_clean_cache': False, 'cmake_clean_first': False, 'cmake_force_configure': False, 'cmake_target': None, 'cmake_target_skip_unavailable': False, 'install_base': '/home/anudeep/Desktop/git/Robotics-work/hw/ros2_ws/install/pubsubpackage', 'merge_install': False, 'path': '/home/anudeep/Desktop/git/Robotics-work/hw/ros2_ws/src/pubsubpackage', 'symlink_install': True, 'test_result_base': None}
[0.438s] INFO:colcon.colcon_core.executor:Executing jobs using 'sequential' executor
[0.440s] DEBUG:colcon.colcon_core.executor.sequential:run_until_complete 'pubsubpackage'
[0.440s] INFO:colcon.colcon_ros.task.ament_python.build:Building ROS package in '/home/anudeep/Desktop/git/Robotics-work/hw/ros2_ws/src/pubsubpackage' with build type 'ament_python'
[0.440s] Level 1:colcon.colcon_core.shell:create_environment_hook('pubsubpackage', 'ament_prefix_path')
[0.443s] INFO:colcon.colcon_core.plugin_system:Skipping extension 'colcon_core.shell.bat': Not used on non-Windows systems
[0.443s] INFO:colcon.colcon_core.shell:Creating environment hook '/home/anudeep/Desktop/git/Robotics-work/hw/ros2_ws/install/pubsubpackage/share/pubsubpackage/hook/ament_prefix_path.ps1'
[0.444s] INFO:colcon.colcon_core.shell:Creating environment descriptor '/home/anudeep/Desktop/git/Robotics-work/hw/ros2_ws/install/pubsubpackage/share/pubsubpackage/hook/ament_prefix_path.dsv'
[0.445s] INFO:colcon.colcon_core.shell:Creating environment hook '/home/anudeep/Desktop/git/Robotics-work/hw/ros2_ws/install/pubsubpackage/share/pubsubpackage/hook/ament_prefix_path.sh'
[0.446s] INFO:colcon.colcon_core.shell:Skip shell extension 'powershell' for command environment: Not usable outside of PowerShell
[0.446s] DEBUG:colcon.colcon_core.shell:Skip shell extension 'dsv' for command environment
[0.759s] INFO:colcon.colcon_core.task.python.build:Building Python package in '/home/anudeep/Desktop/git/Robotics-work/hw/ros2_ws/src/pubsubpackage'
[0.760s] INFO:colcon.colcon_core.shell:Skip shell extension 'powershell' for command environment: Not usable outside of PowerShell
[0.760s] DEBUG:colcon.colcon_core.shell:Skip shell extension 'dsv' for command environment
[1.514s] DEBUG:colcon.colcon_core.event_handler.log_command:Invoking command in '/home/anudeep/Desktop/git/Robotics-work/hw/ros2_ws/build/pubsubpackage': PYTHONPATH=/home/anudeep/Desktop/git/Robotics-work/hw/ros2_ws/build/pubsubpackage/prefix_override:/usr/lib/python3/dist-packages/colcon_core/task/python/colcon_distutils_commands:/home/anudeep/Desktop/git/Robotics-work/hw/ros2_ws/install/pubsubpackage/lib/python3.10/site-packages:${PYTHONPATH} /usr/bin/python3 -W ignore:setup.py install is deprecated -W ignore:easy_install command is deprecated setup.py develop --editable --build-directory /home/anudeep/Desktop/git/Robotics-work/hw/ros2_ws/build/pubsubpackage/build --no-deps symlink_data
[2.426s] Level 1:colcon.colcon_core.shell:create_environment_hook('pubsubpackage', 'pythonpath_develop')
[2.426s] DEBUG:colcon.colcon_core.event_handler.log_command:Invoked command in '/home/anudeep/Desktop/git/Robotics-work/hw/ros2_ws/build/pubsubpackage' returned '0': PYTHONPATH=/home/anudeep/Desktop/git/Robotics-work/hw/ros2_ws/build/pubsubpackage/prefix_override:/usr/lib/python3/dist-packages/colcon_core/task/python/colcon_distutils_commands:/home/anudeep/Desktop/git/Robotics-work/hw/ros2_ws/install/pubsubpackage/lib/python3.10/site-packages:${PYTHONPATH} /usr/bin/python3 -W ignore:setup.py install is deprecated -W ignore:easy_install command is deprecated setup.py develop --editable --build-directory /home/anudeep/Desktop/git/Robotics-work/hw/ros2_ws/build/pubsubpackage/build --no-deps symlink_data
[2.427s] INFO:colcon.colcon_core.shell:Creating environment hook '/home/anudeep/Desktop/git/Robotics-work/hw/ros2_ws/build/pubsubpackage/share/pubsubpackage/hook/pythonpath_develop.ps1'
[2.428s] INFO:colcon.colcon_core.shell:Creating environment descriptor '/home/anudeep/Desktop/git/Robotics-work/hw/ros2_ws/build/pubsubpackage/share/pubsubpackage/hook/pythonpath_develop.dsv'
[2.428s] INFO:colcon.colcon_core.shell:Creating environment hook '/home/anudeep/Desktop/git/Robotics-work/hw/ros2_ws/build/pubsubpackage/share/pubsubpackage/hook/pythonpath_develop.sh'
[2.433s] Level 1:colcon.colcon_core.environment:checking '/home/anudeep/Desktop/git/Robotics-work/hw/ros2_ws/install/pubsubpackage' for CMake module files
[2.433s] Level 1:colcon.colcon_core.environment:checking '/home/anudeep/Desktop/git/Robotics-work/hw/ros2_ws/install/pubsubpackage' for CMake config files
[2.434s] Level 1:colcon.colcon_core.environment:checking '/home/anudeep/Desktop/git/Robotics-work/hw/ros2_ws/install/pubsubpackage/lib'
[2.434s] Level 1:colcon.colcon_core.environment:checking '/home/anudeep/Desktop/git/Robotics-work/hw/ros2_ws/install/pubsubpackage/bin'
[2.434s] Level 1:colcon.colcon_core.environment:checking '/home/anudeep/Desktop/git/Robotics-work/hw/ros2_ws/install/pubsubpackage/lib/pkgconfig/pubsubpackage.pc'
[2.435s] Level 1:colcon.colcon_core.environment:checking '/home/anudeep/Desktop/git/Robotics-work/hw/ros2_ws/install/pubsubpackage/lib/python3.10/site-packages'
[2.435s] Level 1:colcon.colcon_core.shell:create_environment_hook('pubsubpackage', 'pythonpath')
[2.435s] INFO:colcon.colcon_core.shell:Creating environment hook '/home/anudeep/Desktop/git/Robotics-work/hw/ros2_ws/install/pubsubpackage/share/pubsubpackage/hook/pythonpath.ps1'
[2.436s] INFO:colcon.colcon_core.shell:Creating environment descriptor '/home/anudeep/Desktop/git/Robotics-work/hw/ros2_ws/install/pubsubpackage/share/pubsubpackage/hook/pythonpath.dsv'
[2.436s] INFO:colcon.colcon_core.shell:Creating environment hook '/home/anudeep/Desktop/git/Robotics-work/hw/ros2_ws/install/pubsubpackage/share/pubsubpackage/hook/pythonpath.sh'
[2.438s] Level 1:colcon.colcon_core.environment:checking '/home/anudeep/Desktop/git/Robotics-work/hw/ros2_ws/install/pubsubpackage/bin'
[2.438s] Level 1:colcon.colcon_core.environment:create_environment_scripts_only(pubsubpackage)
[2.438s] INFO:colcon.colcon_core.shell:Creating package script '/home/anudeep/Desktop/git/Robotics-work/hw/ros2_ws/install/pubsubpackage/share/pubsubpackage/package.ps1'
[2.445s] INFO:colcon.colcon_core.shell:Creating package descriptor '/home/anudeep/Desktop/git/Robotics-work/hw/ros2_ws/install/pubsubpackage/share/pubsubpackage/package.dsv'
[2.456s] INFO:colcon.colcon_core.shell:Creating package script '/home/anudeep/Desktop/git/Robotics-work/hw/ros2_ws/install/pubsubpackage/share/pubsubpackage/package.sh'
[2.465s] INFO:colcon.colcon_core.shell:Creating package script '/home/anudeep/Desktop/git/Robotics-work/hw/ros2_ws/install/pubsubpackage/share/pubsubpackage/package.bash'
[2.469s] INFO:colcon.colcon_core.shell:Creating package script '/home/anudeep/Desktop/git/Robotics-work/hw/ros2_ws/install/pubsubpackage/share/pubsubpackage/package.zsh'
[2.471s] Level 1:colcon.colcon_core.environment:create_file_with_runtime_dependencies(/home/anudeep/Desktop/git/Robotics-work/hw/ros2_ws/install/pubsubpackage/share/colcon-core/packages/pubsubpackage)
[2.471s] DEBUG:colcon.colcon_core.executor.sequential:run_until_complete 'pubsubpackage' finished with '0'
[2.471s] DEBUG:colcon.colcon_core.executor.sequential:closing loop
[2.471s] DEBUG:colcon.colcon_core.executor.sequential:loop closed
[2.471s] DEBUG:colcon.colcon_core.event_reactor:joining thread
[2.480s] INFO:colcon.colcon_core.plugin_system:Skipping extension 'colcon_notification.desktop_notification.terminal_notifier': Not used on non-Darwin systems
[2.480s] INFO:colcon.colcon_core.plugin_system:Skipping extension 'colcon_notification.desktop_notification.win32': Not used on non-Windows systems
[2.480s] INFO:colcon.colcon_notification.desktop_notification:Sending desktop notification using 'notify2'
[2.507s] DEBUG:colcon.colcon_core.event_reactor:joined thread
[2.507s] INFO:colcon.colcon_core.shell:Creating prefix script '/home/anudeep/Desktop/git/Robotics-work/hw/ros2_ws/install/local_setup.ps1'
[2.509s] INFO:colcon.colcon_core.shell:Creating prefix util module '/home/anudeep/Desktop/git/Robotics-work/hw/ros2_ws/install/_local_setup_util_ps1.py'
[2.519s] INFO:colcon.colcon_core.shell:Creating prefix chain script '/home/anudeep/Desktop/git/Robotics-work/hw/ros2_ws/install/setup.ps1'
[2.522s] INFO:colcon.colcon_core.shell:Creating prefix script '/home/anudeep/Desktop/git/Robotics-work/hw/ros2_ws/install/local_setup.sh'
[2.527s] INFO:colcon.colcon_core.shell:Creating prefix util module '/home/anudeep/Desktop/git/Robotics-work/hw/ros2_ws/install/_local_setup_util_sh.py'
[2.527s] INFO:colcon.colcon_core.shell:Creating prefix chain script '/home/anudeep/Desktop/git/Robotics-work/hw/ros2_ws/install/setup.sh'
[2.529s] INFO:colcon.colcon_core.shell:Creating prefix script '/home/anudeep/Desktop/git/Robotics-work/hw/ros2_ws/install/local_setup.bash'
[2.529s] INFO:colcon.colcon_core.shell:Creating prefix chain script '/home/anudeep/Desktop/git/Robotics-work/hw/ros2_ws/install/setup.bash'
[2.531s] INFO:colcon.colcon_core.shell:Creating prefix script '/home/anudeep/Desktop/git/Robotics-work/hw/ros2_ws/install/local_setup.zsh'
[2.531s] INFO:colcon.colcon_core.shell:Creating prefix chain script '/home/anudeep/Desktop/git/Robotics-work/hw/ros2_ws/install/setup.zsh'
