[0.351s] DEBUG:colcon:Command line arguments: ['/usr/bin/colcon', 'build', '--packages-select', 'veve3725_hw2', '--symlink-install', '--executor', 'sequential', '--cmake-args', '-DBUILD_TESTING=OFF', '-DCMAKE_BUILD_PARALLEL_LEVEL=1']
[0.351s] DEBUG:colcon:Parsed command line arguments: Namespace(log_base=None, log_level=None, verb_name='build', build_base='build', install_base='install', merge_install=False, symlink_install=True, test_result_base=None, continue_on_error=False, executor='sequential', parallel_workers=10, event_handlers=None, ignore_user_meta=False, metas=['./colcon.meta'], base_paths=['.'], packages_ignore=None, packages_ignore_regex=None, paths=None, packages_up_to=None, packages_up_to_regex=None, packages_above=None, packages_above_and_dependencies=None, packages_above_depth=None, packages_select_by_dep=None, packages_skip_by_dep=None, packages_skip_up_to=None, packages_select_build_failed=False, packages_skip_build_finished=False, packages_select_test_failures=False, packages_skip_test_passed=False, packages_select=['veve3725_hw2'], packages_skip=None, packages_select_regex=None, packages_skip_regex=None, packages_start=None, packages_end=None, allow_overriding=[], cmake_args=['-DBUILD_TESTING=OFF', '-DCMAKE_BUILD_PARALLEL_LEVEL=1'], cmake_target=None, cmake_target_skip_unavailable=False, cmake_clean_cache=False, cmake_clean_first=False, cmake_force_configure=False, ament_cmake_args=None, catkin_cmake_args=None, catkin_skip_building_tests=False, mixin_files=None, mixin=None, verb_parser=<colcon_mixin.mixin.mixin_argument.MixinArgumentDecorator object at 0x71b2ab062770>, verb_extension=<colcon_core.verb.build.BuildVerb object at 0x71b2ab16f8b0>, main=<bound method BuildVerb.main of <colcon_core.verb.build.BuildVerb object at 0x71b2ab16f8b0>>, mixin_verb=('build',))
[0.515s] Level 1:colcon.colcon_core.package_discovery:discover_packages(colcon_meta) check parameters
[0.515s] Level 1:colcon.colcon_core.package_discovery:discover_packages(recursive) check parameters
[0.515s] Level 1:colcon.colcon_core.package_discovery:discover_packages(ignore) check parameters
[0.515s] Level 1:colcon.colcon_core.package_discovery:discover_packages(path) check parameters
[0.515s] Level 1:colcon.colcon_core.package_discovery:discover_packages(colcon_meta) discover
[0.515s] Level 1:colcon.colcon_core.package_discovery:discover_packages(recursive) discover
[0.515s] INFO:colcon.colcon_core.package_discovery:Crawling recursively for packages in '/home/anudeep/Desktop/git/Robotics-work/hw/ros2_ws'
[0.515s] Level 1:colcon.colcon_core.package_identification:_identify(.) by extensions ['ignore', 'ignore_ament_install']
[0.515s] Level 1:colcon.colcon_core.package_identification:_identify(.) by extension 'ignore'
[0.515s] Level 1:colcon.colcon_core.package_identification:_identify(.) by extension 'ignore_ament_install'
[0.515s] Level 1:colcon.colcon_core.package_identification:_identify(.) by extensions ['colcon_pkg']
[0.515s] Level 1:colcon.colcon_core.package_identification:_identify(.) by extension 'colcon_pkg'
[0.515s] Level 1:colcon.colcon_core.package_identification:_identify(.) by extensions ['colcon_meta']
[0.515s] Level 1:colcon.colcon_core.package_identification:_identify(.) by extension 'colcon_meta'
[0.515s] Level 1:colcon.colcon_core.package_identification:_identify(.) by extensions ['ros']
[0.515s] Level 1:colcon.colcon_core.package_identification:_identify(.) by extension 'ros'
[0.538s] Level 1:colcon.colcon_core.package_identification:_identify(.) by extensions ['cmake', 'python']
[0.538s] Level 1:colcon.colcon_core.package_identification:_identify(.) by extension 'cmake'
[0.538s] Level 1:colcon.colcon_core.package_identification:_identify(.) by extension 'python'
[0.538s] Level 1:colcon.colcon_core.package_identification:_identify(.) by extensions ['python_setup_py']
[0.538s] Level 1:colcon.colcon_core.package_identification:_identify(.) by extension 'python_setup_py'
[0.538s] Level 1:colcon.colcon_core.package_identification:_identify(build) by extensions ['ignore', 'ignore_ament_install']
[0.538s] Level 1:colcon.colcon_core.package_identification:_identify(build) by extension 'ignore'
[0.538s] Level 1:colcon.colcon_core.package_identification:_identify(build) ignored
[0.538s] Level 1:colcon.colcon_core.package_identification:_identify(docs) by extensions ['ignore', 'ignore_ament_install']
[0.538s] Level 1:colcon.colcon_core.package_identification:_identify(docs) by extension 'ignore'
[0.538s] Level 1:colcon.colcon_core.package_identification:_identify(docs) by extension 'ignore_ament_install'
[0.538s] Level 1:colcon.colcon_core.package_identification:_identify(docs) by extensions ['colcon_pkg']
[0.538s] Level 1:colcon.colcon_core.package_identification:_identify(docs) by extension 'colcon_pkg'
[0.538s] Level 1:colcon.colcon_core.package_identification:_identify(docs) by extensions ['colcon_meta']
[0.538s] Level 1:colcon.colcon_core.package_identification:_identify(docs) by extension 'colcon_meta'
[0.538s] Level 1:colcon.colcon_core.package_identification:_identify(docs) by extensions ['ros']
[0.538s] Level 1:colcon.colcon_core.package_identification:_identify(docs) by extension 'ros'
[0.538s] Level 1:colcon.colcon_core.package_identification:_identify(docs) by extensions ['cmake', 'python']
[0.538s] Level 1:colcon.colcon_core.package_identification:_identify(docs) by extension 'cmake'
[0.538s] Level 1:colcon.colcon_core.package_identification:_identify(docs) by extension 'python'
[0.538s] Level 1:colcon.colcon_core.package_identification:_identify(docs) by extensions ['python_setup_py']
[0.539s] Level 1:colcon.colcon_core.package_identification:_identify(docs) by extension 'python_setup_py'
[0.539s] Level 1:colcon.colcon_core.package_identification:_identify(install) by extensions ['ignore', 'ignore_ament_install']
[0.539s] Level 1:colcon.colcon_core.package_identification:_identify(install) by extension 'ignore'
[0.539s] Level 1:colcon.colcon_core.package_identification:_identify(install) ignored
[0.539s] Level 1:colcon.colcon_core.package_identification:_identify(log) by extensions ['ignore', 'ignore_ament_install']
[0.539s] Level 1:colcon.colcon_core.package_identification:_identify(log) by extension 'ignore'
[0.539s] Level 1:colcon.colcon_core.package_identification:_identify(log) ignored
[0.539s] Level 1:colcon.colcon_core.package_identification:_identify(logs) by extensions ['ignore', 'ignore_ament_install']
[0.539s] Level 1:colcon.colcon_core.package_identification:_identify(logs) by extension 'ignore'
[0.539s] Level 1:colcon.colcon_core.package_identification:_identify(logs) by extension 'ignore_ament_install'
[0.539s] Level 1:colcon.colcon_core.package_identification:_identify(logs) by extensions ['colcon_pkg']
[0.539s] Level 1:colcon.colcon_core.package_identification:_identify(logs) by extension 'colcon_pkg'
[0.539s] Level 1:colcon.colcon_core.package_identification:_identify(logs) by extensions ['colcon_meta']
[0.539s] Level 1:colcon.colcon_core.package_identification:_identify(logs) by extension 'colcon_meta'
[0.539s] Level 1:colcon.colcon_core.package_identification:_identify(logs) by extensions ['ros']
[0.539s] Level 1:colcon.colcon_core.package_identification:_identify(logs) by extension 'ros'
[0.539s] Level 1:colcon.colcon_core.package_identification:_identify(logs) by extensions ['cmake', 'python']
[0.539s] Level 1:colcon.colcon_core.package_identification:_identify(logs) by extension 'cmake'
[0.539s] Level 1:colcon.colcon_core.package_identification:_identify(logs) by extension 'python'
[0.539s] Level 1:colcon.colcon_core.package_identification:_identify(logs) by extensions ['python_setup_py']
[0.539s] Level 1:colcon.colcon_core.package_identification:_identify(logs) by extension 'python_setup_py'
[0.539s] Level 1:colcon.colcon_core.package_identification:_identify(src) by extensions ['ignore', 'ignore_ament_install']
[0.539s] Level 1:colcon.colcon_core.package_identification:_identify(src) by extension 'ignore'
[0.539s] Level 1:colcon.colcon_core.package_identification:_identify(src) by extension 'ignore_ament_install'
[0.540s] Level 1:colcon.colcon_core.package_identification:_identify(src) by extensions ['colcon_pkg']
[0.540s] Level 1:colcon.colcon_core.package_identification:_identify(src) by extension 'colcon_pkg'
[0.540s] Level 1:colcon.colcon_core.package_identification:_identify(src) by extensions ['colcon_meta']
[0.540s] Level 1:colcon.colcon_core.package_identification:_identify(src) by extension 'colcon_meta'
[0.540s] Level 1:colcon.colcon_core.package_identification:_identify(src) by extensions ['ros']
[0.540s] Level 1:colcon.colcon_core.package_identification:_identify(src) by extension 'ros'
[0.540s] Level 1:colcon.colcon_core.package_identification:_identify(src) by extensions ['cmake', 'python']
[0.540s] Level 1:colcon.colcon_core.package_identification:_identify(src) by extension 'cmake'
[0.540s] Level 1:colcon.colcon_core.package_identification:_identify(src) by extension 'python'
[0.540s] Level 1:colcon.colcon_core.package_identification:_identify(src) by extensions ['python_setup_py']
[0.540s] Level 1:colcon.colcon_core.package_identification:_identify(src) by extension 'python_setup_py'
[0.540s] Level 1:colcon.colcon_core.package_identification:_identify(src/pubsubpackage) by extensions ['ignore', 'ignore_ament_install']
[0.540s] Level 1:colcon.colcon_core.package_identification:_identify(src/pubsubpackage) by extension 'ignore'
[0.540s] Level 1:colcon.colcon_core.package_identification:_identify(src/pubsubpackage) by extension 'ignore_ament_install'
[0.540s] Level 1:colcon.colcon_core.package_identification:_identify(src/pubsubpackage) by extensions ['colcon_pkg']
[0.540s] Level 1:colcon.colcon_core.package_identification:_identify(src/pubsubpackage) by extension 'colcon_pkg'
[0.540s] Level 1:colcon.colcon_core.package_identification:_identify(src/pubsubpackage) by extensions ['colcon_meta']
[0.540s] Level 1:colcon.colcon_core.package_identification:_identify(src/pubsubpackage) by extension 'colcon_meta'
[0.540s] Level 1:colcon.colcon_core.package_identification:_identify(src/pubsubpackage) by extensions ['ros']
[0.540s] Level 1:colcon.colcon_core.package_identification:_identify(src/pubsubpackage) by extension 'ros'
[0.542s] DEBUG:colcon.colcon_core.package_identification:Package 'src/pubsubpackage' with type 'ros.ament_python' and name 'pubsubpackage'
[0.543s] Level 1:colcon.colcon_core.package_identification:_identify(src/veve3725_hw2) by extensions ['ignore', 'ignore_ament_install']
[0.543s] Level 1:colcon.colcon_core.package_identification:_identify(src/veve3725_hw2) by extension 'ignore'
[0.543s] Level 1:colcon.colcon_core.package_identification:_identify(src/veve3725_hw2) by extension 'ignore_ament_install'
[0.543s] Level 1:colcon.colcon_core.package_identification:_identify(src/veve3725_hw2) by extensions ['colcon_pkg']
[0.543s] Level 1:colcon.colcon_core.package_identification:_identify(src/veve3725_hw2) by extension 'colcon_pkg'
[0.543s] Level 1:colcon.colcon_core.package_identification:_identify(src/veve3725_hw2) by extensions ['colcon_meta']
[0.543s] Level 1:colcon.colcon_core.package_identification:_identify(src/veve3725_hw2) by extension 'colcon_meta'
[0.543s] Level 1:colcon.colcon_core.package_identification:_identify(src/veve3725_hw2) by extensions ['ros']
[0.543s] Level 1:colcon.colcon_core.package_identification:_identify(src/veve3725_hw2) by extension 'ros'
[0.543s] DEBUG:colcon.colcon_core.package_identification:Package 'src/veve3725_hw2' with type 'ros.ament_python' and name 'veve3725_hw2'
[0.544s] Level 1:colcon.colcon_core.package_identification:_identify(src/veve3725_service) by extensions ['ignore', 'ignore_ament_install']
[0.544s] Level 1:colcon.colcon_core.package_identification:_identify(src/veve3725_service) by extension 'ignore'
[0.544s] Level 1:colcon.colcon_core.package_identification:_identify(src/veve3725_service) by extension 'ignore_ament_install'
[0.544s] Level 1:colcon.colcon_core.package_identification:_identify(src/veve3725_service) by extensions ['colcon_pkg']
[0.544s] Level 1:colcon.colcon_core.package_identification:_identify(src/veve3725_service) by extension 'colcon_pkg'
[0.544s] Level 1:colcon.colcon_core.package_identification:_identify(src/veve3725_service) by extensions ['colcon_meta']
[0.544s] Level 1:colcon.colcon_core.package_identification:_identify(src/veve3725_service) by extension 'colcon_meta'
[0.544s] Level 1:colcon.colcon_core.package_identification:_identify(src/veve3725_service) by extensions ['ros']
[0.544s] Level 1:colcon.colcon_core.package_identification:_identify(src/veve3725_service) by extension 'ros'
[0.544s] DEBUG:colcon.colcon_core.package_identification:Package 'src/veve3725_service' with type 'ros.ament_cmake' and name 'veve3725_service'
[0.544s] Level 1:colcon.colcon_core.package_discovery:discover_packages(recursive) using defaults
[0.544s] Level 1:colcon.colcon_core.package_discovery:discover_packages(ignore) discover
[0.544s] Level 1:colcon.colcon_core.package_discovery:discover_packages(ignore) using defaults
[0.545s] Level 1:colcon.colcon_core.package_discovery:discover_packages(path) discover
[0.545s] Level 1:colcon.colcon_core.package_discovery:discover_packages(path) using defaults
[0.563s] INFO:colcon.colcon_core.package_selection:Skipping not selected package 'pubsubpackage' in 'src/pubsubpackage'
[0.563s] INFO:colcon.colcon_core.package_selection:Skipping not selected package 'veve3725_service' in 'src/veve3725_service'
[0.563s] Level 1:colcon.colcon_core.package_discovery:discover_packages(prefix_path) check parameters
[0.563s] Level 1:colcon.colcon_core.package_discovery:discover_packages(prefix_path) discover
[0.565s] DEBUG:colcon.colcon_installed_package_information.package_discovery:Found 1 installed packages in /home/anudeep/Desktop/git/Robotics-work/hw/ros2_ws/install
[0.566s] DEBUG:colcon.colcon_installed_package_information.package_discovery:Found 295 installed packages in /opt/ros/humble
[0.567s] Level 1:colcon.colcon_core.package_discovery:discover_packages(prefix_path) using defaults
[0.601s] Level 5:colcon.colcon_core.verb:set package 'veve3725_hw2' build argument 'cmake_args' from command line to '['-DBUILD_TESTING=OFF', '-DCMAKE_BUILD_PARALLEL_LEVEL=1']'
[0.601s] Level 5:colcon.colcon_core.verb:set package 'veve3725_hw2' build argument 'cmake_target' from command line to 'None'
[0.601s] Level 5:colcon.colcon_core.verb:set package 'veve3725_hw2' build argument 'cmake_target_skip_unavailable' from command line to 'False'
[0.601s] Level 5:colcon.colcon_core.verb:set package 'veve3725_hw2' build argument 'cmake_clean_cache' from command line to 'False'
[0.601s] Level 5:colcon.colcon_core.verb:set package 'veve3725_hw2' build argument 'cmake_clean_first' from command line to 'False'
[0.601s] Level 5:colcon.colcon_core.verb:set package 'veve3725_hw2' build argument 'cmake_force_configure' from command line to 'False'
[0.601s] Level 5:colcon.colcon_core.verb:set package 'veve3725_hw2' build argument 'ament_cmake_args' from command line to 'None'
[0.601s] Level 5:colcon.colcon_core.verb:set package 'veve3725_hw2' build argument 'catkin_cmake_args' from command line to 'None'
[0.601s] Level 5:colcon.colcon_core.verb:set package 'veve3725_hw2' build argument 'catkin_skip_building_tests' from command line to 'False'
[0.601s] DEBUG:colcon.colcon_core.verb:Building package 'veve3725_hw2' with the following arguments: {'ament_cmake_args': None, 'build_base': '/home/anudeep/Desktop/git/Robotics-work/hw/ros2_ws/build/veve3725_hw2', 'catkin_cmake_args': None, 'catkin_skip_building_tests': False, 'cmake_args': ['-DBUILD_TESTING=OFF', '-DCMAKE_BUILD_PARALLEL_LEVEL=1'], 'cmake_clean_cache': False, 'cmake_clean_first': False, 'cmake_force_configure': False, 'cmake_target': None, 'cmake_target_skip_unavailable': False, 'install_base': '/home/anudeep/Desktop/git/Robotics-work/hw/ros2_ws/install/veve3725_hw2', 'merge_install': False, 'path': '/home/anudeep/Desktop/git/Robotics-work/hw/ros2_ws/src/veve3725_hw2', 'symlink_install': True, 'test_result_base': None}
[0.601s] INFO:colcon.colcon_core.executor:Executing jobs using 'sequential' executor
[0.607s] DEBUG:colcon.colcon_core.executor.sequential:run_until_complete 'veve3725_hw2'
[0.607s] INFO:colcon.colcon_ros.task.ament_python.build:Building ROS package in '/home/anudeep/Desktop/git/Robotics-work/hw/ros2_ws/src/veve3725_hw2' with build type 'ament_python'
[0.607s] Level 1:colcon.colcon_core.shell:create_environment_hook('veve3725_hw2', 'ament_prefix_path')
[0.610s] INFO:colcon.colcon_core.plugin_system:Skipping extension 'colcon_core.shell.bat': Not used on non-Windows systems
[0.611s] INFO:colcon.colcon_core.shell:Creating environment hook '/home/anudeep/Desktop/git/Robotics-work/hw/ros2_ws/install/veve3725_hw2/share/veve3725_hw2/hook/ament_prefix_path.ps1'
[0.612s] INFO:colcon.colcon_core.shell:Creating environment descriptor '/home/anudeep/Desktop/git/Robotics-work/hw/ros2_ws/install/veve3725_hw2/share/veve3725_hw2/hook/ament_prefix_path.dsv'
[0.612s] INFO:colcon.colcon_core.shell:Creating environment hook '/home/anudeep/Desktop/git/Robotics-work/hw/ros2_ws/install/veve3725_hw2/share/veve3725_hw2/hook/ament_prefix_path.sh'
[0.613s] INFO:colcon.colcon_core.shell:Skip shell extension 'powershell' for command environment: Not usable outside of PowerShell
[0.613s] DEBUG:colcon.colcon_core.shell:Skip shell extension 'dsv' for command environment
[1.305s] INFO:colcon.colcon_core.task.python.build:Building Python package in '/home/anudeep/Desktop/git/Robotics-work/hw/ros2_ws/src/veve3725_hw2'
[1.305s] INFO:colcon.colcon_core.shell:Skip shell extension 'powershell' for command environment: Not usable outside of PowerShell
[1.305s] DEBUG:colcon.colcon_core.shell:Skip shell extension 'dsv' for command environment
[2.226s] DEBUG:colcon.colcon_core.event_handler.log_command:Invoking command in '/home/anudeep/Desktop/git/Robotics-work/hw/ros2_ws/build/veve3725_hw2': PYTHONPATH=/home/anudeep/Desktop/git/Robotics-work/hw/ros2_ws/build/veve3725_hw2/prefix_override:/usr/lib/python3/dist-packages/colcon_core/task/python/colcon_distutils_commands:/home/anudeep/Desktop/git/Robotics-work/hw/ros2_ws/install/veve3725_hw2/lib/python3.10/site-packages:${PYTHONPATH} /usr/bin/python3 -W ignore:setup.py install is deprecated -W ignore:easy_install command is deprecated setup.py develop --editable --build-directory /home/anudeep/Desktop/git/Robotics-work/hw/ros2_ws/build/veve3725_hw2/build --no-deps symlink_data
[2.867s] Level 1:colcon.colcon_core.shell:create_environment_hook('veve3725_hw2', 'pythonpath_develop')
[2.867s] INFO:colcon.colcon_core.shell:Creating environment hook '/home/anudeep/Desktop/git/Robotics-work/hw/ros2_ws/build/veve3725_hw2/share/veve3725_hw2/hook/pythonpath_develop.ps1'
[2.869s] DEBUG:colcon.colcon_core.event_handler.log_command:Invoked command in '/home/anudeep/Desktop/git/Robotics-work/hw/ros2_ws/build/veve3725_hw2' returned '0': PYTHONPATH=/home/anudeep/Desktop/git/Robotics-work/hw/ros2_ws/build/veve3725_hw2/prefix_override:/usr/lib/python3/dist-packages/colcon_core/task/python/colcon_distutils_commands:/home/anudeep/Desktop/git/Robotics-work/hw/ros2_ws/install/veve3725_hw2/lib/python3.10/site-packages:${PYTHONPATH} /usr/bin/python3 -W ignore:setup.py install is deprecated -W ignore:easy_install command is deprecated setup.py develop --editable --build-directory /home/anudeep/Desktop/git/Robotics-work/hw/ros2_ws/build/veve3725_hw2/build --no-deps symlink_data
[2.869s] INFO:colcon.colcon_core.shell:Creating environment descriptor '/home/anudeep/Desktop/git/Robotics-work/hw/ros2_ws/build/veve3725_hw2/share/veve3725_hw2/hook/pythonpath_develop.dsv'
[2.870s] INFO:colcon.colcon_core.shell:Creating environment hook '/home/anudeep/Desktop/git/Robotics-work/hw/ros2_ws/build/veve3725_hw2/share/veve3725_hw2/hook/pythonpath_develop.sh'
[2.873s] Level 1:colcon.colcon_core.environment:checking '/home/anudeep/Desktop/git/Robotics-work/hw/ros2_ws/install/veve3725_hw2' for CMake module files
[2.873s] Level 1:colcon.colcon_core.environment:checking '/home/anudeep/Desktop/git/Robotics-work/hw/ros2_ws/install/veve3725_hw2' for CMake config files
[2.874s] Level 1:colcon.colcon_core.environment:checking '/home/anudeep/Desktop/git/Robotics-work/hw/ros2_ws/install/veve3725_hw2/lib'
[2.874s] Level 1:colcon.colcon_core.environment:checking '/home/anudeep/Desktop/git/Robotics-work/hw/ros2_ws/install/veve3725_hw2/bin'
[2.874s] Level 1:colcon.colcon_core.environment:checking '/home/anudeep/Desktop/git/Robotics-work/hw/ros2_ws/install/veve3725_hw2/lib/pkgconfig/veve3725_hw2.pc'
[2.874s] Level 1:colcon.colcon_core.environment:checking '/home/anudeep/Desktop/git/Robotics-work/hw/ros2_ws/install/veve3725_hw2/lib/python3.10/site-packages'
[2.874s] Level 1:colcon.colcon_core.shell:create_environment_hook('veve3725_hw2', 'pythonpath')
[2.874s] INFO:colcon.colcon_core.shell:Creating environment hook '/home/anudeep/Desktop/git/Robotics-work/hw/ros2_ws/install/veve3725_hw2/share/veve3725_hw2/hook/pythonpath.ps1'
[2.875s] INFO:colcon.colcon_core.shell:Creating environment descriptor '/home/anudeep/Desktop/git/Robotics-work/hw/ros2_ws/install/veve3725_hw2/share/veve3725_hw2/hook/pythonpath.dsv'
[2.875s] INFO:colcon.colcon_core.shell:Creating environment hook '/home/anudeep/Desktop/git/Robotics-work/hw/ros2_ws/install/veve3725_hw2/share/veve3725_hw2/hook/pythonpath.sh'
[2.875s] Level 1:colcon.colcon_core.environment:checking '/home/anudeep/Desktop/git/Robotics-work/hw/ros2_ws/install/veve3725_hw2/bin'
[2.876s] Level 1:colcon.colcon_core.environment:create_environment_scripts_only(veve3725_hw2)
[2.876s] INFO:colcon.colcon_core.shell:Creating package script '/home/anudeep/Desktop/git/Robotics-work/hw/ros2_ws/install/veve3725_hw2/share/veve3725_hw2/package.ps1'
[2.877s] INFO:colcon.colcon_core.shell:Creating package descriptor '/home/anudeep/Desktop/git/Robotics-work/hw/ros2_ws/install/veve3725_hw2/share/veve3725_hw2/package.dsv'
[2.877s] INFO:colcon.colcon_core.shell:Creating package script '/home/anudeep/Desktop/git/Robotics-work/hw/ros2_ws/install/veve3725_hw2/share/veve3725_hw2/package.sh'
[2.878s] INFO:colcon.colcon_core.shell:Creating package script '/home/anudeep/Desktop/git/Robotics-work/hw/ros2_ws/install/veve3725_hw2/share/veve3725_hw2/package.bash'
[2.879s] INFO:colcon.colcon_core.shell:Creating package script '/home/anudeep/Desktop/git/Robotics-work/hw/ros2_ws/install/veve3725_hw2/share/veve3725_hw2/package.zsh'
[2.881s] Level 1:colcon.colcon_core.environment:create_file_with_runtime_dependencies(/home/anudeep/Desktop/git/Robotics-work/hw/ros2_ws/install/veve3725_hw2/share/colcon-core/packages/veve3725_hw2)
[2.881s] DEBUG:colcon.colcon_core.executor.sequential:run_until_complete 'veve3725_hw2' finished with '0'
[2.881s] DEBUG:colcon.colcon_core.executor.sequential:closing loop
[2.881s] DEBUG:colcon.colcon_core.executor.sequential:loop closed
[2.881s] DEBUG:colcon.colcon_core.event_reactor:joining thread
[2.947s] INFO:colcon.colcon_core.plugin_system:Skipping extension 'colcon_notification.desktop_notification.terminal_notifier': Not used on non-Darwin systems
[2.947s] INFO:colcon.colcon_core.plugin_system:Skipping extension 'colcon_notification.desktop_notification.win32': Not used on non-Windows systems
[2.947s] INFO:colcon.colcon_notification.desktop_notification:Sending desktop notification using 'notify2'
[3.005s] DEBUG:colcon.colcon_core.event_reactor:joined thread
[3.006s] INFO:colcon.colcon_core.shell:Creating prefix script '/home/anudeep/Desktop/git/Robotics-work/hw/ros2_ws/install/local_setup.ps1'
[3.007s] INFO:colcon.colcon_core.shell:Creating prefix util module '/home/anudeep/Desktop/git/Robotics-work/hw/ros2_ws/install/_local_setup_util_ps1.py'
[3.008s] INFO:colcon.colcon_core.shell:Creating prefix chain script '/home/anudeep/Desktop/git/Robotics-work/hw/ros2_ws/install/setup.ps1'
[3.009s] INFO:colcon.colcon_core.shell:Creating prefix script '/home/anudeep/Desktop/git/Robotics-work/hw/ros2_ws/install/local_setup.sh'
[3.010s] INFO:colcon.colcon_core.shell:Creating prefix util module '/home/anudeep/Desktop/git/Robotics-work/hw/ros2_ws/install/_local_setup_util_sh.py'
[3.013s] INFO:colcon.colcon_core.shell:Creating prefix chain script '/home/anudeep/Desktop/git/Robotics-work/hw/ros2_ws/install/setup.sh'
[3.014s] INFO:colcon.colcon_core.shell:Creating prefix script '/home/anudeep/Desktop/git/Robotics-work/hw/ros2_ws/install/local_setup.bash'
[3.015s] INFO:colcon.colcon_core.shell:Creating prefix chain script '/home/anudeep/Desktop/git/Robotics-work/hw/ros2_ws/install/setup.bash'
[3.016s] INFO:colcon.colcon_core.shell:Creating prefix script '/home/anudeep/Desktop/git/Robotics-work/hw/ros2_ws/install/local_setup.zsh'
[3.017s] INFO:colcon.colcon_core.shell:Creating prefix chain script '/home/anudeep/Desktop/git/Robotics-work/hw/ros2_ws/install/setup.zsh'
